[?] pour l'aide
commande> d 0 2
mode duplicate
[?] pour l'aide
commande> a S
Joueur 0:  866
Joueur 1:  866
commande> a T
Joueur 0: RTTUW
Joueur 1: RTTUW
commande> a l
 A B C D E F G H I J K L M N O P Q R S T U V W X Y Z ?
 0 0 0 0 0 0 0 0 0 0 0 0 0 0 0 0 0 1 1 2 1 0 1 0 0 0 0
commande> a p
Eliot 1.5

Game type: Duplicate
Player 0: Computer
Player 1: Computer

    N |   RACK   |    SOLUTION     | REF | PTS | P | BONUS
   ===|==========|=================|=====|=====|===|======
    1 |  EA?AEBF | FABAcEE         |  H4 |  80 | 0 | *
    2 |  LMUAEYE | YEBLE           |  6F |  38 | 0 |  
    3 | AMU+JEIG | MEJUGEAI        |  9G |  78 | 0 | *
    4 |  LEHNMGA | HALE            |  8L |  46 | 0 |  
    5 | GMN+NSEO | MENSONGE        |  O1 |  83 | 0 | *
    6 |  ARAURIU | RAIRA           |  5B |  21 | 0 |  
    7 | UU+TSDEA | RUSTAUDE        |  B5 |  63 | 0 | *
    8 |  ONIAVPD | VIDA            | A12 |  45 | 0 |  
    9 | NOP+SONE | PENONS          |  K1 |  33 | 0 |  
   10 | O+OXTOLN | LUX             |  J8 |  32 | 0 |  
   11 | NOOOT+SZ | ZOOS            | 11E |  38 | 0 |  
   12 | NOT+MIAI | DOMINAIT        | 14A |  74 | 0 | *
   13 |  CERPFEO | FEROCE          | 15G |  47 | 0 |  
   14 | P+BSVQIU | PIQUAS          |  C1 |  32 | 0 |  
   15 | BV+ETLIE | LEVITE          |  A1 |  39 | 0 |  
   16 | B+RLD?UC | PUBLiC          |  1C |  36 | 0 |  
   17 | DR+NTERR | DENREE          |  2J |  22 | 0 |  
   18 | RRT+TUKE | TREK            | 13F |  36 | 0 |  
   19 | RTU+THWI | HAI             |  7G |  23 | 0 |  

   Total: 866

Rack 0: RTTUW
Rack 1: RTTUW
commande> q
fin du mode duplicate
commande> q
