Using seed: 8
[?] pour l'aide
commande> d 1 0
mode duplicate
[?] pour l'aide
commande> a T
Joueur 0: UAXEHTS
commande> j SEAUX H8
commande> a S
Joueur 0:   48
commande> a T
Joueur 0: HTIUONU
commande> j HUTIN i9
commande> a S
Joueur 0:   85
commande> a t
OUNEUNE
commande> a g
     1  2  3  4  5  6  7  8  9 10 11 12 13 14 15
 A   -  -  -  -  -  -  -  -  -  -  -  -  -  -  -
 B   -  -  -  -  -  -  -  -  -  -  -  -  -  -  -
 C   -  -  -  -  -  -  -  -  -  -  -  -  -  -  -
 D   -  -  -  -  -  -  -  -  -  -  -  -  -  -  -
 E   -  -  -  -  -  -  -  -  -  -  -  -  -  -  -
 F   -  -  -  -  -  -  -  -  -  -  -  -  -  -  -
 G   -  -  -  -  -  -  -  -  -  -  -  -  -  -  -
 H   -  -  -  -  -  -  -  S  E  A  U  X  -  -  -
 I   -  -  -  -  -  -  -  -  H  U  T  I  N  -  -
 J   -  -  -  -  -  -  -  -  -  -  -  -  -  -  -
 K   -  -  -  -  -  -  -  -  -  -  -  -  -  -  -
 L   -  -  -  -  -  -  -  -  -  -  -  -  -  -  -
 M   -  -  -  -  -  -  -  -  -  -  -  -  -  -  -
 N   -  -  -  -  -  -  -  -  -  -  -  -  -  -  -
 O   -  -  -  -  -  -  -  -  -  -  -  -  -  -  -
commande> a p
Eliot 1.5

Game type: Duplicate
Player 0: Human

    N |   RACK   |    SOLUTION     | REF | PTS | P | BONUS
   ===|==========|=================|=====|=====|===|======
    1 |  UAXEHTS | SEAUX           |  H8 |  48 | 0 |  
    2 | HT+IUONU | HUTIN           |  I9 |  37 | 0 |  

   Total: 85

Rack 0: OU+NEUNE
commande> q
fin du mode duplicate
commande> q
