Using seed: 15
[?] pour l'aide
commande> de 0 1
mode duplicate
[?] pour l'aide
commande> a g
     1  2  3  4  5  6  7  8  9 10 11 12 13 14 15
 A   -  -  -  -  -  -  -  -  -  M  -  -  -  -  - 
 B   -  K  -  -  -  J  -  -  -  O  -  N  -  -  - 
 C   -  W  E  B  R  A  D  I  O  S  -  O  -  -  - 
 D   F  A  -  O  -  U  -  -  -  -  -  T  -  -  - 
 E   E  S  -  G  E  N  I  C  U  L  E  e  -  -  - 
 F   R  -  -  H  -  E  -  -  -  -  -  R  -  -  - 
 G   I  -  -  E  -  -  -  -  -  -  -  A  -  -  - 
 H   A  G  L  Y  P  H  E  S  -  L  A  I  N  E  E 
 I   -  -  -  S  U  A  -  P  L  a  N  T  O  N  S 
 J   -  -  -  -  -  -  -  E  -  -  -  -  -  -  - 
 K   -  -  -  -  A  T  T  E  N  U  E  Z  -  -  - 
 L   -  -  -  C  -  -  -  D  -  -  -  O  -  -  - 
 M   -  T  R  E  V  I  R  A  T  -  -  I  -  -  - 
 N   -  -  -  U  -  -  -  I  -  V  I  D  E  R  - 
 O   F  A  U  X  -  -  -  S  -  -  -  E  -  -  - 
commande> a p
Game: player 1 out of 1
Game: mode=Duplicate
Game: variant=explosive
Game: history:
    N | P |   RACK   |    SOLUTION    | REF | PTS | BONUS
   ===|===|==========|================|=====|=====|======
    1 | 0 |  HSGPYEL | GLYPHES        |  H2 | 114 | *
    2 | 0 |  OIAWEFR | FERIA          |  1D | 105 |  
    3 | 0 | OW+HGBAE | BOGHEY         |  4C |  42 |  
    4 | 0 | AW+EDESK | KWAS           |  2B |  51 |  
    5 | 0 | DEE+PISA | SPEEDAIS       |  8H |  89 | *
    6 | 0 |  OAADEIR | WEBRADIO       |  C2 |  46 |  
    7 | 0 | A+ZTTNUE | ATTENUEZ       |  K5 | 118 | *
    8 | 0 |  CEUIELN | GENICULE       |  E4 |  94 | *
    9 | 0 |  TVIRETR | TREVIRAT       |  M2 |  76 | *
   10 | 0 |  CSN?UXN | CEUX           |  4L |  50 |  
   11 | 0 | NNS?+LOT | PLaNTONS       |  I8 |  61 | *
   12 | 0 |  ?OUANAF | FAUX           |  O1 |  48 |  
   13 | 0 | ANO?+RTI | NOTeRAIT       | 12B |  77 | *
   14 | 0 |  MLIEDNO | ZOIDE          | 12K |  32 |  
   15 | 0 | LMN+AUSE | SUA            |  I4 |  34 |  
   16 | 0 | ELMN+ARE | LAINEE         | H10 |  31 |  
   17 | 0 | MR+IVMEL | VIDER          | N10 |  34 |  
   18 | 0 | LMM+QUEJ | JAUNE          |  6B |  30 |  
   19 | 0 | LMMQ+OSM | MOS            | 10A |  27 |  


Rack 0: LMMQ
Score 0: 1159
commande> q
fin du mode duplicate
commande> q
