Using seed: 9
[?] pour l'aide
commande> s b duplicate/reject-invalid 0
commande> d 2 0
mode duplicate
[?] pour l'aide
commande> a t
ILERERU
commande> j RELIEUR 8E
commande> j ERROR H2
commande> a T
Rack 0: EEILRRU
Rack 1: EEILRRU
commande> a S
Score 0:    0
Score 1:    0
commande> a p
Game: player 1 out of 2
Game: mode=Duplicate
Game: history:
    N | P |   RACK   |    SOLUTION    | REF | PTS | BONUS
   ===|===|==========|================|=====|=====|======


Rack 0: EEILRRU
Rack 1: EEILRRU
Score 0:    0
Score 1:    0
commande> j RELIURE h4
commande> j RELIEUR h4
commande> a S
Score 0:   66
Score 1:   66
commande> a T
Rack 0: GUAUVBP
Rack 1: GUAUVBP
commande> a p
Game: player 1 out of 2
Game: mode=Duplicate
Game: history:
    N | P |   RACK   |    SOLUTION    | REF | PTS | BONUS
   ===|===|==========|================|=====|=====|======
    1 | 0 |  EEILRRU | RELIURE        |  H4 |  66 | *


Rack 0: GUAUVBP
Rack 1: GUAUVBP
Score 0:   66
Score 1:   66
commande> q
fin du mode duplicate
commande> q
