Using seed: 15
[?] pour l'aide
commande> de 0 1
mode duplicate
[?] pour l'aide
commande> a g
     1  2  3  4  5  6  7  8  9 10 11 12 13 14 15
 A   -  -  -  -  -  -  -  -  -  M  -  -  -  -  -
 B   -  K  -  -  -  J  -  -  -  O  -  N  -  -  -
 C   -  W  E  B  R  A  D  I  O  S  -  O  -  -  -
 D   F  A  -  O  -  U  -  -  -  -  -  T  -  -  -
 E   E  S  -  G  E  N  I  C  U  L  E  e  -  -  -
 F   R  -  -  H  -  E  -  -  -  -  -  R  -  -  -
 G   I  -  -  E  -  -  -  -  -  -  -  A  -  -  -
 H   A  G  L  Y  P  H  E  S  -  L  A  I  N  E  E
 I   -  -  -  S  U  A  -  P  L  a  N  T  O  N  S
 J   -  -  -  -  -  -  -  E  -  -  -  -  -  -  -
 K   -  -  -  -  A  T  T  E  N  U  E  Z  -  -  -
 L   -  -  -  C  -  -  -  D  -  -  -  O  -  -  -
 M   -  T  R  E  V  I  R  A  T  -  -  I  -  -  -
 N   -  -  -  U  -  -  -  I  -  V  I  D  E  R  -
 O   F  A  U  X  -  -  -  S  -  -  -  E  -  -  -
commande> a p
Eliot 1.5

Game type: Duplicate
Player 0: Computer

    N |   RACK   |    SOLUTION     | REF | PTS | P | BONUS
   ===|==========|=================|=====|=====|===|======
    1 |  HSGPYEL | GLYPHES         |  H2 | 114 | 0 | *
    2 |  OIAWEFR | FERIA           |  1D | 105 | 0 |  
    3 | OW+HGBAE | BOGHEY          |  4C |  42 | 0 |  
    4 | AW+EDESK | KWAS            |  2B |  51 | 0 |  
    5 | DEE+PISA | SPEEDAIS        |  8H |  89 | 0 | *
    6 |  OAADEIR | WEBRADIO        |  C2 |  46 | 0 |  
    7 | A+ZTTNUE | ATTENUEZ        |  K5 | 118 | 0 | *
    8 |  CEUIELN | GENICULE        |  E4 |  94 | 0 | *
    9 |  TVIRETR | TREVIRAT        |  M2 |  76 | 0 | *
   10 |  CSN?UXN | CEUX            |  4L |  50 | 0 |  
   11 | NNS?+LOT | PLaNTONS        |  I8 |  61 | 0 | *
   12 |  ?OUANAF | FAUX            |  O1 |  48 | 0 |  
   13 | ANO?+RTI | NOTeRAIT        | 12B |  77 | 0 | *
   14 |  MLIEDNO | ZOIDE           | 12K |  32 | 0 |  
   15 | LMN+AUSE | SUA             |  I4 |  34 | 0 |  
   16 | ELMN+ARE | LAINEE          | H10 |  31 | 0 |  
   17 | MR+IVMEL | VIDER           | N10 |  34 | 0 |  
   18 | LMM+QUEJ | JAUNE           |  6B |  30 | 0 |  
   19 | LMMQ+OSM | MOS             | 10A |  27 | 0 |  

   Total: 1159

Rack 0: LMMQ
commande> q
fin du mode duplicate
commande> q
