[?] pour l'aide
commande> mode partie libre
[?] pour l'aide
commande> Joueur 0: NEIJEDN
Joueur 1: UUEALEO
commande> commande> Joueur 0: EENNWTA
Joueur 1: UUEALEO
commande> commande> Joueur 0: EENNWTA
Joueur 1: EEAKEIA
commande> commande> Joueur 0: EENNWTA
Joueur 1: EEAKEIA
commande> commande> Joueur 0: EENNTOD
Joueur 1: EEAKEIA
commande> commande> Joueur 0: EENNTOD
Joueur 1: UNLEUSS
commande> fin du mode partie libre
commande> 