[?] pour l'aide
commande> l 2 0
mode partie libre
[?] pour l'aide
commande> a T
Joueur 0: NEIJEDN
Joueur 1: UUEALEO
commande> p JID
commande> a T
Joueur 0: EENNWTA
Joueur 1: UUEALEO
commande> p auouel
commande> a T
Joueur 0: EENNWTA
Joueur 1: EEAKEIA
commande> p WX
commande> a T
Joueur 0: EENNWTA
Joueur 1: EEAKEIA
commande> p WA
commande> a T
Joueur 0: EENNTOD
Joueur 1: EEAKEIA
commande> p KEEEAAI
commande> a T
Joueur 0: EENNTOD
Joueur 1: UNLEUSS
commande> q
fin du mode partie libre
commande> q
