[?] pour l'aide
commande> e
mode entraînement
[?] pour l'aide
commande> *
commande> a t
EA?AEBF
commande> r
commande> n 1
commande> +
commande> a t
LMUAEYE
commande> r
commande> a r
  1: YEBLE              38 6F
  2: BAYLE              36 6H
  3: AMYLE              35 10D
  4: ELYME              35 10D
  5: ELYME              35 10H
  6: BAYE               35 6H
  7: BEY                34 6H
  8: LAYEE              34 10D
  9: YUE                32 10F
 10: AMYLE              30 5H
commande> n 2
commande> a g
     1  2  3  4  5  6  7  8  9 10 11 12 13 14 15
 A   -  -  -  -  -  -  -  -  -  -  -  -  -  -  -
 B   -  -  -  -  -  -  -  -  -  -  -  -  -  -  -
 C   -  -  -  -  -  -  -  -  -  -  -  -  -  -  -
 D   -  -  -  -  -  -  -  -  -  -  -  -  -  -  -
 E   -  -  -  -  -  -  -  -  -  -  -  -  -  -  -
 F   -  -  -  -  -  -  -  -  -  -  -  -  -  -  -
 G   -  -  -  -  -  -  -  -  -  -  -  -  -  -  -
 H   -  -  -  F  A  B  A  c  E  E  -  -  -  -  -
 I   -  -  -  -  -  A  -  -  -  -  -  -  -  -  -
 J   -  -  -  -  -  Y  -  -  -  -  -  -  -  -  -
 K   -  -  -  -  -  L  -  -  -  -  -  -  -  -  -
 L   -  -  -  -  -  E  -  -  -  -  -  -  -  -  -
 M   -  -  -  -  -  -  -  -  -  -  -  -  -  -  -
 N   -  -  -  -  -  -  -  -  -  -  -  -  -  -  -
 O   -  -  -  -  -  -  -  -  -  -  -  -  -  -  -
commande> 
commande> n -1
commande> 
commande> r
commande> n 1
commande> 
commande> +
commande> a t
AMUJEIG
commande> r
commande> a r
  1: MEJUGEAI        *  78 9G
  2: MEJUGEAI        *  72 9C
  3: MEJUGEAI        *  71 10G
  4: MEJUGEAI        *  71 10C
  5: MEJUGEAI        *  69 J5
  6: MEJUGEAI        *  69 J1
  7: JUGEA              37 5B
  8: JUGEAI             37 5J
  9: JAUGE              35 5J
 10: JUGEA              35 5J
commande> n 1
commande> a g
     1  2  3  4  5  6  7  8  9 10 11 12 13 14 15
 A   -  -  -  -  -  -  -  -  -  -  -  -  -  -  -
 B   -  -  -  -  -  -  -  -  -  -  -  -  -  -  -
 C   -  -  -  -  -  -  -  -  -  -  -  -  -  -  -
 D   -  -  -  -  -  -  -  -  -  -  -  -  -  -  -
 E   -  -  -  -  -  -  -  -  -  -  -  -  -  -  -
 F   -  -  -  -  -  Y  -  -  -  -  -  -  -  -  -
 G   -  -  -  -  -  E  -  -  M  -  -  -  -  -  -
 H   -  -  -  F  A  B  A  c  E  E  -  -  -  -  -
 I   -  -  -  -  -  L  -  -  J  -  -  -  -  -  -
 J   -  -  -  -  -  E  -  -  U  -  -  -  -  -  -
 K   -  -  -  -  -  -  -  -  G  -  -  -  -  -  -
 L   -  -  -  -  -  -  -  -  E  -  -  -  -  -  -
 M   -  -  -  -  -  -  -  -  A  -  -  -  -  -  -
 N   -  -  -  -  -  -  -  -  I  -  -  -  -  -  -
 O   -  -  -  -  -  -  -  -  -  -  -  -  -  -  -
commande> 
commande> +
commande> a t
LEHNMGA
commande> r
commande> a r
  1: HALE               46 8L
  2: MALE               30 8L
  3: ENGAMA             30 5C
  4: HALA               27 5E
  5: LAME               26 8L
  6: HAN                25 8M
  7: HELA               25 5C
  8: GLANA              25 5D
  9: EMANA              25 5D
 10: EGALA              25 5D
commande> n 3
commande> 
commande> a g
     1  2  3  4  5  6  7  8  9 10 11 12 13 14 15
 A   -  -  -  -  -  -  -  -  -  -  -  -  -  -  -
 B   -  -  -  -  -  -  -  -  -  -  -  -  -  -  -
 C   -  -  -  -  E  -  -  -  -  -  -  -  -  -  -
 D   -  -  -  -  N  -  -  -  -  -  -  -  -  -  -
 E   -  -  -  -  G  -  -  -  -  -  -  -  -  -  -
 F   -  -  -  -  A  Y  -  -  -  -  -  -  -  -  -
 G   -  -  -  -  M  E  -  -  M  -  -  -  -  -  -
 H   -  -  -  F  A  B  A  c  E  E  -  -  -  -  -
 I   -  -  -  -  -  L  -  -  J  -  -  -  -  -  -
 J   -  -  -  -  -  E  -  -  U  -  -  -  -  -  -
 K   -  -  -  -  -  -  -  -  G  -  -  -  -  -  -
 L   -  -  -  -  -  -  -  -  E  -  -  -  -  -  -
 M   -  -  -  -  -  -  -  -  A  -  -  -  -  -  -
 N   -  -  -  -  -  -  -  -  I  -  -  -  -  -  -
 O   -  -  -  -  -  -  -  -  -  -  -  -  -  -  -
commande> a p
Eliot 1.5

Game type: Training
Player 0: Human

    N |   RACK   |    SOLUTION     | REF | PTS | P | BONUS
   ===|==========|=================|=====|=====|===|======
    1 |  EA?AEBF | FABAcEE         |  H4 |  80 | 0 | *
    2 |  LMUAEYE | YEBLE           |  6F |  38 | 0 |  
    3 | AMU+JEIG | MEJUGEAI        |  9G |  78 | 0 | *
    4 |  LEHNMGA | ENGAMA          |  5C |  30 | 0 |  

   Total: 226

Rack 0: HL
commande> a l
 A B C D E F G H I J K L M N O P Q R S T U V W X Y Z ?
 5 1 2 3 9 1 0 2 7 0 1 4 1 5 6 2 1 6 6 6 5 2 1 1 0 1 1
commande> 
commande> s load_saved_game.elt
commande> q
fin du mode entraînement
commande> c load_saved_game.elt
mode entraînement
[?] pour l'aide
commande> 
commande> a g
     1  2  3  4  5  6  7  8  9 10 11 12 13 14 15
 A   -  -  -  -  -  -  -  -  -  -  -  -  -  -  -
 B   -  -  -  -  -  -  -  -  -  -  -  -  -  -  -
 C   -  -  -  -  E  -  -  -  -  -  -  -  -  -  -
 D   -  -  -  -  N  -  -  -  -  -  -  -  -  -  -
 E   -  -  -  -  G  -  -  -  -  -  -  -  -  -  -
 F   -  -  -  -  A  Y  -  -  -  -  -  -  -  -  -
 G   -  -  -  -  M  E  -  -  M  -  -  -  -  -  -
 H   -  -  -  F  A  B  A  c  E  E  -  -  -  -  -
 I   -  -  -  -  -  L  -  -  J  -  -  -  -  -  -
 J   -  -  -  -  -  E  -  -  U  -  -  -  -  -  -
 K   -  -  -  -  -  -  -  -  G  -  -  -  -  -  -
 L   -  -  -  -  -  -  -  -  E  -  -  -  -  -  -
 M   -  -  -  -  -  -  -  -  A  -  -  -  -  -  -
 N   -  -  -  -  -  -  -  -  I  -  -  -  -  -  -
 O   -  -  -  -  -  -  -  -  -  -  -  -  -  -  -
commande> a p
Eliot 1.5

Game type: Training
Player 0: Human

    N |   RACK   |    SOLUTION     | REF | PTS | P | BONUS
   ===|==========|=================|=====|=====|===|======
    1 |  EA?AEBF | FABAcEE         |  H4 |  80 | 0 | *
    2 |  LMUAEYE | YEBLE           |  6F |  38 | 0 |  
    3 | AMU+JEIG | MEJUGEAI        |  9G |  78 | 0 | *
    4 |  LEHNMGA | ENGAMA          |  5C |  30 | 0 |  

   Total: 226

Rack 0: HL
commande> a l
 A B C D E F G H I J K L M N O P Q R S T U V W X Y Z ?
 5 1 2 3 9 1 0 2 7 0 1 4 1 5 6 2 1 6 6 6 5 2 1 1 0 1 1
commande> 
commande> q
fin du mode entraînement
commande> q
