Using seed: 21
[?] pour l'aide
commande> ej8
mode entraînement
[?] pour l'aide
commande> *
commande> a t
DARAOGL?
commande> *
commande> a t
?BVZEHEA
commande> t OSTMA?BN
commande> j TOMBANtS h4
Mot incorrect ou mal placé (13)
commande> j TOMBANt H4
commande> +
commande> a t
SDTGSE?Y
commande> a gm
     1  2  3  4  5  6  7  8  9 10 11 12 13 14 15
 A   @  -  -  +  -  -  -  @  -  -  -  +  -  -  @
 B   -  #  -  -  -  *  -  -  -  *  -  -  -  #  -
 C   -  -  #  -  -  -  +  -  +  -  -  -  #  -  -
 D   +  -  -  #  -  -  -  +  -  -  -  #  -  -  +
 E   -  -  -  -  #  -  -  -  -  -  #  -  -  -  -
 F   -  *  -  -  -  *  -  -  -  *  -  -  -  *  -
 G   -  -  +  -  -  -  +  -  +  -  -  -  +  -  -
 H   @  -  -  T  O  M  B  A  N  T  -  +  -  -  @
 I   -  -  +  -  -  -  +  -  +  -  -  -  +  -  -
 J   -  *  -  -  -  *  -  -  -  *  -  -  -  *  -
 K   -  -  -  -  #  -  -  -  -  -  #  -  -  -  -
 L   +  -  -  #  -  -  -  +  -  -  -  #  -  -  +
 M   -  -  #  -  -  -  +  -  +  -  -  -  #  -  -
 N   -  #  -  -  -  *  -  -  -  *  -  -  -  #  -
 O   @  -  -  +  -  -  -  @  -  -  -  +  -  -  @
commande> a p
Game: player 1 out of 1
Game: mode=Training
Game: variant=joker
Game: variant=7among8
Game: history:
    N | P |   RACK   |    SOLUTION    | REF | PTS | BONUS
   ===|===|==========|================|=====|=====|======
    1 | 0 | OSTMA?BN | TOMBANt        |  H4 |  70 | *


Rack 0: S+DTGSE?Y
Score 0:   70
commande> a l
 A B C D  E F G H I J K L M N O P Q R S T U V W X Y Z ?
 8 1 2 3 15 2 2 2 8 1 1 5 2 5 5 2 1 6 6 4 6 2 1 1 1 1 2
commande> 
commande> s load_combi_variants.save
commande> q
fin du mode entraînement
commande> c load_combi_variants.save
mode entraînement
[?] pour l'aide
commande> 
commande> a t
SDTGSE?Y
commande> a gm
     1  2  3  4  5  6  7  8  9 10 11 12 13 14 15
 A   @  -  -  +  -  -  -  @  -  -  -  +  -  -  @
 B   -  #  -  -  -  *  -  -  -  *  -  -  -  #  -
 C   -  -  #  -  -  -  +  -  +  -  -  -  #  -  -
 D   +  -  -  #  -  -  -  +  -  -  -  #  -  -  +
 E   -  -  -  -  #  -  -  -  -  -  #  -  -  -  -
 F   -  *  -  -  -  *  -  -  -  *  -  -  -  *  -
 G   -  -  +  -  -  -  +  -  +  -  -  -  +  -  -
 H   @  -  -  T  O  M  B  A  N  T  -  +  -  -  @
 I   -  -  +  -  -  -  +  -  +  -  -  -  +  -  -
 J   -  *  -  -  -  *  -  -  -  *  -  -  -  *  -
 K   -  -  -  -  #  -  -  -  -  -  #  -  -  -  -
 L   +  -  -  #  -  -  -  +  -  -  -  #  -  -  +
 M   -  -  #  -  -  -  +  -  +  -  -  -  #  -  -
 N   -  #  -  -  -  *  -  -  -  *  -  -  -  #  -
 O   @  -  -  +  -  -  -  @  -  -  -  +  -  -  @
commande> a p
Game: player 1 out of 1
Game: mode=Training
Game: variant=joker
Game: variant=7among8
Game: history:
    N | P |   RACK   |    SOLUTION    | REF | PTS | BONUS
   ===|===|==========|================|=====|=====|======
    1 | 0 | OSTMA?BN | TOMBANt        |  H4 |  70 | *


Rack 0: S+DTGSE?Y
Score 0:   70
commande> a l
 A B C D  E F G H I J K L M N O P Q R S T U V W X Y Z ?
 8 1 2 3 15 2 2 2 8 1 1 5 2 5 5 2 1 6 6 4 6 2 1 1 1 1 2
commande> *
### Output deactivated due to the bug with rand seeds
# commande> a t
# D?FAGRTA
commande> *
### Output deactivated due to the bug with rand seeds
# commande> a t
# ?XEUEEHI
commande> 
commande> q
fin du mode entraînement
commande> q
