Using seed: 0
[?] pour l'aide
commande> c fumee
mode entraînement
[?] pour l'aide
commande> a g
     1  2  3  4  5  6  7  8  9 10 11 12 13 14 15
 A   B  R  A  D  e  R  I  E  -  -  -  -  -  -  - 
 B   -  -  -  -  -  -  -  S  -  H  -  -  -  -  - 
 C   -  -  D  I  A  L  Y  S  E  E  -  -  V  -  - 
 D   C  I  E  L  -  -  -  O  -  U  -  M  A  T  H 
 E   E  -  -  -  -  -  -  R  -  -  -  -  I  -  - 
 F   R  -  -  -  -  K  -  A  -  -  -  -  N  -  - 
 G   c  -  -  -  -  I  -  G  -  -  -  -  C  -  - 
 H   L  -  -  F  U  M  E  E  -  L  O  Q  U  E  T 
 I   A  -  F  A  N  O  N  -  -  A  -  -  E  T  - 
 J   G  -  -  -  -  N  -  -  -  V  -  -  -  -  T 
 K   E  -  -  -  J  O  U  R  N  A  L  -  -  -  O 
 L   -  -  -  W  E  S  T  I  E  S  -  -  -  -  P 
 M   -  -  D  U  T  -  -  -  -  S  -  -  -  -  A 
 N   -  -  -  -  -  -  -  -  -  E  X  P  I  E  Z 
 O   -  -  -  O  M  N  I  B  U  S  -  -  -  -  E 
commande> a l
 A B C D E F G H I J K L M N O P Q R S T U V W X Y Z ?
 0 0 0 0 0 0 0 0 0 0 0 0 0 0 0 0 0 1 0 0 0 0 0 0 0 0 0
commande> a p
Game: player 1 out of 1
Game: mode=Training
Game: variant=unknown
Game: history:
    N | P |   RACK   |    SOLUTION    | REF | PTS | BONUS
   ===|===|==========|================|=====|=====|======
    1 | 0 |  EUOFMIE | FUMEE          |  H4 |  26 |  
    2 | 0 | IO+EOKAN | KIMONO         |  6F |  38 |  
    3 | 0 | AE+EWTIS | WESTIE         |  L4 |  49 |  
    4 | 0 | A+EAVSLS | LAVASSE        | 10H |  86 | *
    5 | 0 |  BTUOMEQ | LOQUET         | H10 |  63 |  
    6 | 0 | BM+UNOSI | OMNIBUS        |  O4 |  94 | *
    7 | 0 |  IOZXEGP | EXPIEZ         | N10 |  52 |  
    8 | 0 | GO+AETPI | TOPAZE         | 15J |  60 |  
    9 | 0 | GI+AVNCO | VAINCU         | 13C |  28 |  
   10 | 0 | GO+ESRAS | ESSORAGE       |  8A |  80 | *
   11 | 0 |  JEUDIDR | JOUR           |  K5 |  44 |  
   12 | 0 | DDEI+ALY | DIALYSE        |  C3 |  56 |  
   13 | 0 | D+IHUEEB | HEU            | 10B |  32 |  
   14 | 0 | BDEI+CIL | CIEL           |  D1 |  25 |  
   15 | 0 | BDI+RRA? | BRADeRIE       |  A1 |  86 | *
   16 | 0 |  EUGTDEA | DUT            |  M3 |  29 |  
   17 | 0 | AEEG+LR? | CERcLAGE       |  1D |  80 | *
   18 | 0 |  TFLATNN | JOURNAL        |  K5 |  30 |  
   19 | 0 | AFNTT+HM | MATH           | D12 |  24 |  
   20 | 0 | AFNT+NRE | FANON          |  I3 |  23 |  
   21 | 0 |      ERT | ET             | I13 |  18 |  


Rack 0: R
Score 0: 1023
commande> q
fin du mode entraînement
commande> q
