Using seed: 0
[?] pour l'aide
commande> x a.* 50
search for a.* (50,1,15)
AA
AALENIEN
AALENIENNE
AALENIENNES
AALENIENS
AAS
ABACA
ABACAS
ABACOST
ABACOSTS
ABACULE
ABACULES
ABAISSA
ABAISSABLE
ABAISSABLES
ABAISSAI
ABAISSAIENT
ABAISSAIS
ABAISSAIT
ABAISSAMES
ABAISSANT
ABAISSANTE
ABAISSANTES
ABAISSANTS
ABAISSAS
ABAISSASSE
ABAISSASSENT
ABAISSASSES
ABAISSASSIEZ
ABAISSASSIONS
ABAISSAT
ABAISSATES
ABAISSE
ABAISSEE
ABAISSEES
ABAISSEMENT
ABAISSEMENTS
ABAISSENT
ABAISSER
ABAISSERA
ABAISSERAI
ABAISSERAIENT
ABAISSERAIS
ABAISSERAIT
ABAISSERAS
ABAISSERENT
ABAISSEREZ
ABAISSERIEZ
ABAISSERIONS
ABAISSERONS
50 printed results
commande> x a.* 200
search for a.* (200,1,15)
AA
AALENIEN
AALENIENNE
AALENIENNES
AALENIENS
AAS
ABACA
ABACAS
ABACOST
ABACOSTS
ABACULE
ABACULES
ABAISSA
ABAISSABLE
ABAISSABLES
ABAISSAI
ABAISSAIENT
ABAISSAIS
ABAISSAIT
ABAISSAMES
ABAISSANT
ABAISSANTE
ABAISSANTES
ABAISSANTS
ABAISSAS
ABAISSASSE
ABAISSASSENT
ABAISSASSES
ABAISSASSIEZ
ABAISSASSIONS
ABAISSAT
ABAISSATES
ABAISSE
ABAISSEE
ABAISSEES
ABAISSEMENT
ABAISSEMENTS
ABAISSENT
ABAISSER
ABAISSERA
ABAISSERAI
ABAISSERAIENT
ABAISSERAIS
ABAISSERAIT
ABAISSERAS
ABAISSERENT
ABAISSEREZ
ABAISSERIEZ
ABAISSERIONS
ABAISSERONS
ABAISSERONT
ABAISSES
ABAISSEUR
ABAISSEURS
ABAISSEUSE
ABAISSEUSES
ABAISSEZ
ABAISSIEZ
ABAISSIONS
ABAISSONS
ABAJOUE
ABAJOUES
ABALONE
ABALONES
ABANDON
ABANDONNA
ABANDONNAI
ABANDONNAIENT
ABANDONNAIS
ABANDONNAIT
ABANDONNAMES
ABANDONNANT
ABANDONNAS
ABANDONNASSE
ABANDONNASSENT
ABANDONNASSES
ABANDONNASSIEZ
ABANDONNASSIONS
ABANDONNAT
ABANDONNATAIRE
ABANDONNATAIRES
ABANDONNATES
ABANDONNATEUR
ABANDONNATEURS
ABANDONNATRICE
ABANDONNATRICES
ABANDONNE
ABANDONNEE
ABANDONNEES
ABANDONNEMENT
ABANDONNEMENTS
ABANDONNENT
ABANDONNER
ABANDONNERA
ABANDONNERAI
ABANDONNERAIENT
ABANDONNERAIS
ABANDONNERAIT
ABANDONNERAS
ABANDONNERENT
ABANDONNEREZ
ABANDONNERIEZ
ABANDONNERIONS
ABANDONNERONS
ABANDONNERONT
ABANDONNES
ABANDONNEZ
ABANDONNIEZ
ABANDONNIONS
ABANDONNIQUE
ABANDONNIQUES
ABANDONNONS
ABANDONS
ABAQUE
ABAQUES
ABASIE
ABASIES
ABASOURDI
ABASOURDIE
ABASOURDIES
ABASOURDIMES
ABASOURDIR
ABASOURDIRA
ABASOURDIRAI
ABASOURDIRAIENT
ABASOURDIRAIS
ABASOURDIRAIT
ABASOURDIRAS
ABASOURDIRENT
ABASOURDIREZ
ABASOURDIRIEZ
ABASOURDIRIONS
ABASOURDIRONS
ABASOURDIRONT
ABASOURDIS
ABASOURDISSAIS
ABASOURDISSAIT
ABASOURDISSANT
ABASOURDISSANTE
ABASOURDISSANTS
ABASOURDISSE
ABASOURDISSENT
ABASOURDISSES
ABASOURDISSEZ
ABASOURDISSIEZ
ABASOURDISSIONS
ABASOURDISSONS
ABASOURDIT
ABASOURDITES
ABAT
ABATAGE
ABATAGES
ABATANT
ABATANTS
ABATARDI
ABATARDIE
ABATARDIES
ABATARDIMES
ABATARDIR
ABATARDIRA
ABATARDIRAI
ABATARDIRAIENT
ABATARDIRAIS
ABATARDIRAIT
ABATARDIRAS
ABATARDIRENT
ABATARDIREZ
ABATARDIRIEZ
ABATARDIRIONS
ABATARDIRONS
ABATARDIRONT
ABATARDIS
ABATARDISSAIENT
ABATARDISSAIS
ABATARDISSAIT
ABATARDISSANT
ABATARDISSE
ABATARDISSEMENT
ABATARDISSENT
ABATARDISSES
ABATARDISSEZ
ABATARDISSIEZ
ABATARDISSIONS
ABATARDISSONS
ABATARDIT
ABATARDITES
ABATEE
ABATEES
ABATIS
ABATS
ABATTABLE
ABATTABLES
ABATTAGE
ABATTAGES
ABATTAIENT
ABATTAIS
ABATTAIT
ABATTANT
ABATTANTS
ABATTE
200 printed results
commande> x .*a.*e.*i.*o.*u.* 50 10
search for .*a.*e.*i.*o.*u.* (50,10,15)
AMELIORATEUR
AMELIORATEURS
APERIODIQUE
APERIODIQUES
ARCHIEPISCOPAUX
ARSENIOSULFURE
ARSENIOSULFURES
ARTERIOSCLEREUX
BACTERIOLOGIQUE
CALEIDOSCOPIQUE
KALEIDOSCOPIQUE
11 printed results
commande> x .*a.*e.*i.*o.*u.* 50 13
search for .*a.*e.*i.*o.*u.* (50,13,15)
AMELIORATEURS
ARCHIEPISCOPAUX
ARSENIOSULFURE
ARSENIOSULFURES
ARTERIOSCLEREUX
BACTERIOLOGIQUE
CALEIDOSCOPIQUE
KALEIDOSCOPIQUE
8 printed results
commande> x .*a.*e.*i.*o.*u.* 50 13 13
search for .*a.*e.*i.*o.*u.* (50,13,13)
AMELIORATEURS
1 printed results
commande> x .*hop.* 50
search for .*hop.* (50,1,15)
ACHOPPA
ACHOPPAI
ACHOPPAIENT
ACHOPPAIS
ACHOPPAIT
ACHOPPAMES
ACHOPPANT
ACHOPPAS
ACHOPPASSE
ACHOPPASSENT
ACHOPPASSES
ACHOPPASSIEZ
ACHOPPASSIONS
ACHOPPAT
ACHOPPATES
ACHOPPE
ACHOPPEE
ACHOPPEES
ACHOPPEMENT
ACHOPPEMENTS
ACHOPPENT
ACHOPPER
ACHOPPERA
ACHOPPERAI
ACHOPPERAIENT
ACHOPPERAIS
ACHOPPERAIT
ACHOPPERAS
ACHOPPERENT
ACHOPPEREZ
ACHOPPERIEZ
ACHOPPERIONS
ACHOPPERONS
ACHOPPERONT
ACHOPPES
ACHOPPEZ
ACHOPPIEZ
ACHOPPIONS
ACHOPPONS
ANTHOPHAGE
ANTHOPHAGES
BISHOP
BISHOPS
BRONCHOPATHIE
BRONCHOPATHIES
CENESTHOPATHIE
CENESTHOPATHIES
CHOP
CHOPA
CHOPAI
50 printed results
commande> x a.*b 50
search for a.*b (50,1,15)
ACHEB
AEROCLUB
APLOMB
3 printed results
commande> x [abc].*b
search for [abc].*b (50,1,15)
ACHEB
AEROCLUB
APLOMB
BAOBAB
BOB
BULB
CAB
CHEB
CINECLUB
CLUB
COB
COULOMB
CRIB
CUPROPLOMB
14 printed results
commande> x [abc]*b
search for [abc]*b (50,1,15)
CAB
1 printed results
commande> x [abc]*.b
search for [abc]*.b (50,1,15)
BOB
CAB
COB
3 printed results
commande> x .*(cba)*b
search for .*(cba)*b (50,1,15)
ACHEB
AEROCLUB
APLOMB
BAOBAB
BOB
BULB
CAB
CHEB
CINECLUB
CLUB
COB
COULOMB
CRIB
CUPROPLOMB
DAB
DEB
DUB
FOB
GUIB
HIDJAB
HIJAB
HUB
JAB
JOB
KEBAB
KOB
LAMB
LOB
MAHALEB
MIHRAB
MOB
NABAB
NIB
PLOMB
PUB
RAB
RABAB
RADOUB
REBAB
RHUMB
ROB
RUMB
SAHIB
SCRUB
SERDAB
SNOB
STILB
SURPLOMB
TOUBAB
TOUBIB
50 printed results
commande> x .*(cba)+b
search for .*(cba)+b (50,1,15)
0 printed results
commande> x .*(nn)+.*
search for .*(nn)+.* (50,1,15)
AALENIENNE
AALENIENNES
ABANDONNA
ABANDONNAI
ABANDONNAIENT
ABANDONNAIS
ABANDONNAIT
ABANDONNAMES
ABANDONNANT
ABANDONNAS
ABANDONNASSE
ABANDONNASSENT
ABANDONNASSES
ABANDONNASSIEZ
ABANDONNASSIONS
ABANDONNAT
ABANDONNATAIRE
ABANDONNATAIRES
ABANDONNATES
ABANDONNATEUR
ABANDONNATEURS
ABANDONNATRICE
ABANDONNATRICES
ABANDONNE
ABANDONNEE
ABANDONNEES
ABANDONNEMENT
ABANDONNEMENTS
ABANDONNENT
ABANDONNER
ABANDONNERA
ABANDONNERAI
ABANDONNERAIENT
ABANDONNERAIS
ABANDONNERAIT
ABANDONNERAS
ABANDONNERENT
ABANDONNEREZ
ABANDONNERIEZ
ABANDONNERIONS
ABANDONNERONS
ABANDONNERONT
ABANDONNES
ABANDONNEZ
ABANDONNIEZ
ABANDONNIONS
ABANDONNIQUE
ABANDONNIQUES
ABANDONNONS
ABBEVILLIENNE
50 printed results
commande> x .*(nn)+.*x 200
search for .*(nn)+.*x (200,1,15)
ACTIONNARIAUX
ANNAUX
ANNEAUX
BARONNIAUX
BIENNAUX
BONNETEAUX
BOUTONNEUX
BUISSONNEUX
CARTONNEUX
CENTENNAUX
CHAPONNEAUX
CHARBONNEUX
CONFESSIONNAUX
CONNEAUX
COTONNEUX
COUENNEUX
COULONNEUX
DECENNAUX
DINDONNEAUX
ENNEAGONAUX
ENNUYEUX
FAISANNEAUX
FAUCONNEAUX
FLOCONNEUX
GAZONNEUX
GOUDRONNEUX
HAILLONNEUX
HERONNEAUX
JAMBONNEAUX
JARGONNEUX
MANGONNEAUX
MOLLETONNEUX
MOUTONNEUX
PANNEAUX
PAONNEAUX
PIGEONNEAUX
PITONNEUX
POISSONNEUX
PRECAUTIONNEUX
PROCESSIONNAUX
QUADRIENNAUX
QUINQUENNAUX
RAMPONNEAUX
RONCHONNEAUX
SABLONNEUX
SAVONNEUX
SEPTENNAUX
SEXENNAUX
SOUPCONNEUX
STANNEUX
TONNEAUX
TRICENNAUX
TRIENNAUX
TYRANNEAUX
VALLONNEUX
VANNEAUX
VICENNAUX
57 printed results
commande> x ne.
search for ne. (50,1,15)
NEE
NEF
NEM
NEO
NES
NET
NEY
NEZ
8 printed results
commande> x ne:v:
search for ne:v: (50,1,15)
NEE
NEO
NEY
3 printed results
commande> x ne:v:?
search for ne:v:? (50,1,15)
NE
NEE
NEO
NEY
4 printed results
commande> x ne:c:s
search for ne:c:s (50,1,15)
NEFS
NEMS
NETS
NEWS
NEYS
5 printed results
commande> x (ass)+..
search for (ass)+.. (50,1,15)
ASSAI
ASSASSIN
ASSEC
ASSES
ASSEZ
ASSIS
ASSIT
7 printed results
commande> x c:v:+p
search for c:v:+p (50,1,15)
CAP
CEP
COUP
3 printed results
commande> q
