Using seed: 0
[?] pour l'aide
commande> c rosace
mode entraînement
[?] pour l'aide
commande> n -13
commande> a P
Eliot

   WAEROSC     ROSACE             22  H  8
   W+TSREIN    WESTERN            54 13  G
   I+RDTVI?    DIVeRTIR        *  83  8  A
   ELMOEAH     AH                 30  I  8
   EELMO+PI    DIPLOMEE        *  89  A  8
   OHUMJUI     JOUI               37 12  K
   HMU+EAUA    HUE                34 14  F
   AAMU+UBS    SAMBA              57 15  H
   UU+NYTEP    TYPE               61  O 12

   total                         467
commande> a t
NUUS?GE
commande> a l
 A B C D E F G H I J K L M N O P Q R S T U V W X Y Z ?
 5 1 1 2 9 2 2 0 4 0 1 4 1 5 3 0 1 3 3 3 4 1 0 1 0 1 1
commande> a g
     1  2  3  4  5  6  7  8  9 10 11 12 13 14 15
 A   -  -  -  -  -  -  -  D  I  P  L  O  M  E  E
 B   -  -  -  -  -  -  -  I  -  -  -  -  -  -  -
 C   -  -  -  -  -  -  -  V  -  -  -  -  -  -  -
 D   -  -  -  -  -  -  -  e  -  -  -  -  -  -  -
 E   -  -  -  -  -  -  -  R  -  -  -  -  -  -  -
 F   -  -  -  -  -  -  -  T  -  -  -  -  -  H  -
 G   -  -  -  -  -  -  -  I  -  -  -  -  W  U  -
 H   -  -  -  -  -  -  -  R  O  S  A  C  E  E  S
 I   -  -  -  -  -  -  -  A  H  -  -  -  S  -  A
 J   -  -  -  -  -  -  -  -  -  -  -  -  T  -  M
 K   -  -  -  -  -  -  -  -  -  -  -  J  E  -  B
 L   -  -  -  -  -  -  -  -  -  -  -  O  R  -  A
 M   -  -  -  -  -  -  -  -  -  -  -  U  N  -  -
 N   -  -  -  -  -  -  -  -  -  -  -  I  -  -  -
 O   -  -  -  -  -  -  -  -  -  -  -  T  Y  P  E
commande> a gd # j1
 Ar [ffffffff:-1][ffffffff:-1][ffffffff:-1][ffffffff:-1][ffffffff:-1][ffffffff:-1][ffffffff:-1][00000000:-1][00000000:-1][00000000:-1][00000000:-1][00000000:-1][00000000:-1][00000000:-1][00000000:-1]
 Br [ffffffff:-1][ffffffff:-1][ffffffff:-1][ffffffff:-1][ffffffff:-1][ffffffff:-1][ffffffff:-1][00000000:-1][00005040: 1][00200200: 3][00200222: 1][002c4108: 1][00200222: 2][01384100: 1][01384100: 1]
 Cr [ffffffff:-1][ffffffff:-1][ffffffff:-1][ffffffff:-1][ffffffff:-1][ffffffff:-1][ffffffff:-1][00000000:-1][ffffffff:-1][ffffffff:-1][ffffffff:-1][ffffffff:-1][ffffffff:-1][ffffffff:-1][ffffffff:-1]
 Dr [ffffffff:-1][ffffffff:-1][ffffffff:-1][ffffffff:-1][ffffffff:-1][ffffffff:-1][ffffffff:-1][00000000:-1][ffffffff:-1][ffffffff:-1][ffffffff:-1][ffffffff:-1][ffffffff:-1][ffffffff:-1][ffffffff:-1]
 Er [ffffffff:-1][ffffffff:-1][ffffffff:-1][ffffffff:-1][ffffffff:-1][ffffffff:-1][ffffffff:-1][00000000:-1][ffffffff:-1][ffffffff:-1][ffffffff:-1][ffffffff:-1][ffffffff:-1][00000008: 6][ffffffff:-1]
 Fr [ffffffff:-1][ffffffff:-1][ffffffff:-1][ffffffff:-1][ffffffff:-1][ffffffff:-1][ffffffff:-1][00000000:-1][ffffffff:-1][ffffffff:-1][ffffffff:-1][ffffffff:-1][00000000:16][00000000:-1][ffffffff:-1]
 Gr [ffffffff:-1][ffffffff:-1][ffffffff:-1][ffffffff:-1][ffffffff:-1][ffffffff:-1][ffffffff:-1][00000000:-1][00000000: 5][00608022: 1][005c795e: 1][00008000: 3][00000000:-1][00000000:-1][00000000: 8]
 Hr [ffffffff:-1][ffffffff:-1][ffffffff:-1][ffffffff:-1][ffffffff:-1][ffffffff:-1][ffffffff:-1][00000000:-1][00000000:-1][00000000:-1][00000000:-1][00000000:-1][00000000:-1][00000000:-1][00000000:-1]
 Ir [ffffffff:-1][ffffffff:-1][ffffffff:-1][ffffffff:-1][ffffffff:-1][ffffffff:-1][ffffffff:-1][00000000:-1][00000000:-1][00200222: 1][02284302: 1][00000222: 3][00000000:-1][040c0020: 6][00000000:-1]
 Jr [ffffffff:-1][ffffffff:-1][ffffffff:-1][ffffffff:-1][ffffffff:-1][ffffffff:-1][ffffffff:-1][00080200:12][00002020: 5][ffffffff:-1][ffffffff:-1][00000000:12][00000000:-1][ffffffff:-1][00000000:-1]
 Kr [ffffffff:-1][ffffffff:-1][ffffffff:-1][ffffffff:-1][ffffffff:-1][ffffffff:-1][ffffffff:-1][ffffffff:-1][ffffffff:-1][ffffffff:-1][ffffffff:-1][00000000:-1][00000000:-1][ffffffff:-1][00000000:-1]
 Lr [ffffffff:-1][ffffffff:-1][ffffffff:-1][ffffffff:-1][ffffffff:-1][ffffffff:-1][ffffffff:-1][ffffffff:-1][ffffffff:-1][ffffffff:-1][ffffffff:-1][00000000:-1][00000000:-1][ffffffff:-1][00000000:-1]
 Mr [ffffffff:-1][ffffffff:-1][ffffffff:-1][ffffffff:-1][ffffffff:-1][ffffffff:-1][ffffffff:-1][ffffffff:-1][ffffffff:-1][ffffffff:-1][ffffffff:-1][00000000:-1][00000000:-1][ffffffff:-1][00080000: 8]
 Nr [ffffffff:-1][ffffffff:-1][ffffffff:-1][ffffffff:-1][ffffffff:-1][ffffffff:-1][ffffffff:-1][ffffffff:-1][ffffffff:-1][ffffffff:-1][ffffffff:-1][00000000:-1][00000000:26][00000000: 3][005c751c: 1]
 Or [ffffffff:-1][ffffffff:-1][ffffffff:-1][ffffffff:-1][ffffffff:-1][ffffffff:-1][ffffffff:-1][ffffffff:-1][ffffffff:-1][ffffffff:-1][ffffffff:-1][00000000:-1][00000000:-1][00000000:-1][00000000:-1]
 -
 Ac [ffffffff:-1][ffffffff:-1][ffffffff:-1][ffffffff:-1][ffffffff:-1][ffffffff:-1][00000000:12][00000000:-1][00000000:-1][00000000:-1][00000000:-1][00000000:-1][00000000:-1][00000000:-1][00000000:-1]
 Bc [ffffffff:-1][ffffffff:-1][ffffffff:-1][ffffffff:-1][ffffffff:-1][ffffffff:-1][010d714e: 1][00000000:-1][00005040: 1][ffffffff:-1][ffffffff:-1][ffffffff:-1][ffffffff:-1][ffffffff:-1][ffffffff:-1]
 Cc [ffffffff:-1][ffffffff:-1][ffffffff:-1][ffffffff:-1][ffffffff:-1][ffffffff:-1][00000000: 4][00000000:-1][00280022: 4][ffffffff:-1][ffffffff:-1][ffffffff:-1][ffffffff:-1][ffffffff:-1][ffffffff:-1]
 Dc [ffffffff:-1][ffffffff:-1][ffffffff:-1][ffffffff:-1][ffffffff:-1][ffffffff:-1][005c751c: 0][00000000:-1][01384100: 0][ffffffff:-1][ffffffff:-1][ffffffff:-1][ffffffff:-1][ffffffff:-1][ffffffff:-1]
 Ec [ffffffff:-1][ffffffff:-1][ffffffff:-1][ffffffff:-1][ffffffff:-1][ffffffff:-1][00008000: 1][00000000:-1][00200222: 1][ffffffff:-1][ffffffff:-1][ffffffff:-1][ffffffff:-1][ffffffff:-1][ffffffff:-1]
 Fc [ffffffff:-1][ffffffff:-1][ffffffff:-1][ffffffff:-1][ffffffff:-1][ffffffff:-1][00200020: 1][00000000:-1][00200022: 1][ffffffff:-1][ffffffff:-1][ffffffff:-1][00008022: 4][00000000:-1][00008222: 4]
 Gc [ffffffff:-1][ffffffff:-1][ffffffff:-1][ffffffff:-1][ffffffff:-1][ffffffff:-1][010d714e: 1][00000000:-1][00005040: 1][ffffffff:-1][ffffffff:-1][00000000:11][00000000:-1][00000000:-1][00080000:11]
 Hc [ffffffff:-1][ffffffff:-1][ffffffff:-1][ffffffff:-1][ffffffff:-1][ffffffff:-1][00000000:10][00000000:-1][00000000:-1][00000000:-1][00000000:-1][00000000:-1][00000000:-1][00000000:-1][00000000:-1]
 Ic [ffffffff:-1][ffffffff:-1][ffffffff:-1][ffffffff:-1][ffffffff:-1][ffffffff:-1][00000004: 5][00000000:-1][00000000:-1][00000000: 5][ffffffff:-1][00608022: 1][00000000:-1][00210800: 2][00000000:-1]
 Jc [ffffffff:-1][ffffffff:-1][ffffffff:-1][ffffffff:-1][ffffffff:-1][ffffffff:-1][ffffffff:-1][ffffffff:-1][ffffffff:-1][ffffffff:-1][ffffffff:-1][00200020: 1][00000000:-1][00008000: 3][00000000:-1]
 Kc [ffffffff:-1][ffffffff:-1][ffffffff:-1][ffffffff:-1][ffffffff:-1][ffffffff:-1][ffffffff:-1][ffffffff:-1][ffffffff:-1][ffffffff:-1][00000000: 9][00000000:-1][00000000:-1][00000000:12][00000000:-1]
 Lc [ffffffff:-1][ffffffff:-1][ffffffff:-1][ffffffff:-1][ffffffff:-1][ffffffff:-1][ffffffff:-1][ffffffff:-1][ffffffff:-1][ffffffff:-1][00002048: 2][00000000:-1][00000000:-1][00004000: 3][00000000:-1]
 Mc [ffffffff:-1][ffffffff:-1][ffffffff:-1][ffffffff:-1][ffffffff:-1][ffffffff:-1][ffffffff:-1][ffffffff:-1][ffffffff:-1][ffffffff:-1][00000144: 2][00000000:-1][00000000:-1][00080220: 2][ffffffff:-1]
 Nc [ffffffff:-1][ffffffff:-1][ffffffff:-1][ffffffff:-1][ffffffff:-1][ffffffff:-1][ffffffff:-1][ffffffff:-1][ffffffff:-1][ffffffff:-1][010d714e: 1][00000000:-1][00005040: 1][ffffffff:-1][ffffffff:-1]
 Oc [ffffffff:-1][ffffffff:-1][ffffffff:-1][ffffffff:-1][ffffffff:-1][ffffffff:-1][ffffffff:-1][ffffffff:-1][ffffffff:-1][ffffffff:-1][00000000:15][00000000:-1][00000000:-1][00000000:-1][00000000:-1]
commande> r
commande> a r
  1: SaUGRENU        *  82 E4
  2: eNjUGUES        *  66 D8
  3: GUEUSANt        *  66 11C
  4: NUaGEUSe        *  66 D1
  5: ENjUGUeS        *  64 D2
  6: GUEUSeNt        *  64 D3
  7: GUeUSENt        *  64 D6
  8: NUaGeUSE        *  64 D4
  9: GUeUSENT        *  62 F1
 10: GUEUSaNT        *  60 F1
commande> q
fin du mode entraînement
commande> q
