[?] pour l'aide
commande> e
mode entraînement
[?] pour l'aide
commande> a gd
 Ar [ffffffff:-1][ffffffff:-1][ffffffff:-1][ffffffff:-1][ffffffff:-1][ffffffff:-1][ffffffff:-1][ffffffff:-1][ffffffff:-1][ffffffff:-1][ffffffff:-1][ffffffff:-1][ffffffff:-1][ffffffff:-1][ffffffff:-1]
 Br [ffffffff:-1][ffffffff:-1][ffffffff:-1][ffffffff:-1][ffffffff:-1][ffffffff:-1][ffffffff:-1][ffffffff:-1][ffffffff:-1][ffffffff:-1][ffffffff:-1][ffffffff:-1][ffffffff:-1][ffffffff:-1][ffffffff:-1]
 Cr [ffffffff:-1][ffffffff:-1][ffffffff:-1][ffffffff:-1][ffffffff:-1][ffffffff:-1][ffffffff:-1][ffffffff:-1][ffffffff:-1][ffffffff:-1][ffffffff:-1][ffffffff:-1][ffffffff:-1][ffffffff:-1][ffffffff:-1]
 Dr [ffffffff:-1][ffffffff:-1][ffffffff:-1][ffffffff:-1][ffffffff:-1][ffffffff:-1][ffffffff:-1][ffffffff:-1][ffffffff:-1][ffffffff:-1][ffffffff:-1][ffffffff:-1][ffffffff:-1][ffffffff:-1][ffffffff:-1]
 Er [ffffffff:-1][ffffffff:-1][ffffffff:-1][ffffffff:-1][ffffffff:-1][ffffffff:-1][ffffffff:-1][ffffffff:-1][ffffffff:-1][ffffffff:-1][ffffffff:-1][ffffffff:-1][ffffffff:-1][ffffffff:-1][ffffffff:-1]
 Fr [ffffffff:-1][ffffffff:-1][ffffffff:-1][ffffffff:-1][ffffffff:-1][ffffffff:-1][ffffffff:-1][ffffffff:-1][ffffffff:-1][ffffffff:-1][ffffffff:-1][ffffffff:-1][ffffffff:-1][ffffffff:-1][ffffffff:-1]
 Gr [ffffffff:-1][ffffffff:-1][ffffffff:-1][ffffffff:-1][ffffffff:-1][ffffffff:-1][ffffffff:-1][ffffffff:-1][ffffffff:-1][ffffffff:-1][ffffffff:-1][ffffffff:-1][ffffffff:-1][ffffffff:-1][ffffffff:-1]
 Hr [ffffffff:-1][ffffffff:-1][ffffffff:-1][ffffffff:-1][ffffffff:-1][ffffffff:-1][ffffffff:-1][ffffffff:-1][ffffffff:-1][ffffffff:-1][ffffffff:-1][ffffffff:-1][ffffffff:-1][ffffffff:-1][ffffffff:-1]
 Ir [ffffffff:-1][ffffffff:-1][ffffffff:-1][ffffffff:-1][ffffffff:-1][ffffffff:-1][ffffffff:-1][ffffffff:-1][ffffffff:-1][ffffffff:-1][ffffffff:-1][ffffffff:-1][ffffffff:-1][ffffffff:-1][ffffffff:-1]
 Jr [ffffffff:-1][ffffffff:-1][ffffffff:-1][ffffffff:-1][ffffffff:-1][ffffffff:-1][ffffffff:-1][ffffffff:-1][ffffffff:-1][ffffffff:-1][ffffffff:-1][ffffffff:-1][ffffffff:-1][ffffffff:-1][ffffffff:-1]
 Kr [ffffffff:-1][ffffffff:-1][ffffffff:-1][ffffffff:-1][ffffffff:-1][ffffffff:-1][ffffffff:-1][ffffffff:-1][ffffffff:-1][ffffffff:-1][ffffffff:-1][ffffffff:-1][ffffffff:-1][ffffffff:-1][ffffffff:-1]
 Lr [ffffffff:-1][ffffffff:-1][ffffffff:-1][ffffffff:-1][ffffffff:-1][ffffffff:-1][ffffffff:-1][ffffffff:-1][ffffffff:-1][ffffffff:-1][ffffffff:-1][ffffffff:-1][ffffffff:-1][ffffffff:-1][ffffffff:-1]
 Mr [ffffffff:-1][ffffffff:-1][ffffffff:-1][ffffffff:-1][ffffffff:-1][ffffffff:-1][ffffffff:-1][ffffffff:-1][ffffffff:-1][ffffffff:-1][ffffffff:-1][ffffffff:-1][ffffffff:-1][ffffffff:-1][ffffffff:-1]
 Nr [ffffffff:-1][ffffffff:-1][ffffffff:-1][ffffffff:-1][ffffffff:-1][ffffffff:-1][ffffffff:-1][ffffffff:-1][ffffffff:-1][ffffffff:-1][ffffffff:-1][ffffffff:-1][ffffffff:-1][ffffffff:-1][ffffffff:-1]
 Or [ffffffff:-1][ffffffff:-1][ffffffff:-1][ffffffff:-1][ffffffff:-1][ffffffff:-1][ffffffff:-1][ffffffff:-1][ffffffff:-1][ffffffff:-1][ffffffff:-1][ffffffff:-1][ffffffff:-1][ffffffff:-1][ffffffff:-1]
 -
 Ac [ffffffff:-1][ffffffff:-1][ffffffff:-1][ffffffff:-1][ffffffff:-1][ffffffff:-1][ffffffff:-1][ffffffff:-1][ffffffff:-1][ffffffff:-1][ffffffff:-1][ffffffff:-1][ffffffff:-1][ffffffff:-1][ffffffff:-1]
 Bc [ffffffff:-1][ffffffff:-1][ffffffff:-1][ffffffff:-1][ffffffff:-1][ffffffff:-1][ffffffff:-1][ffffffff:-1][ffffffff:-1][ffffffff:-1][ffffffff:-1][ffffffff:-1][ffffffff:-1][ffffffff:-1][ffffffff:-1]
 Cc [ffffffff:-1][ffffffff:-1][ffffffff:-1][ffffffff:-1][ffffffff:-1][ffffffff:-1][ffffffff:-1][ffffffff:-1][ffffffff:-1][ffffffff:-1][ffffffff:-1][ffffffff:-1][ffffffff:-1][ffffffff:-1][ffffffff:-1]
 Dc [ffffffff:-1][ffffffff:-1][ffffffff:-1][ffffffff:-1][ffffffff:-1][ffffffff:-1][ffffffff:-1][ffffffff:-1][ffffffff:-1][ffffffff:-1][ffffffff:-1][ffffffff:-1][ffffffff:-1][ffffffff:-1][ffffffff:-1]
 Ec [ffffffff:-1][ffffffff:-1][ffffffff:-1][ffffffff:-1][ffffffff:-1][ffffffff:-1][ffffffff:-1][ffffffff:-1][ffffffff:-1][ffffffff:-1][ffffffff:-1][ffffffff:-1][ffffffff:-1][ffffffff:-1][ffffffff:-1]
 Fc [ffffffff:-1][ffffffff:-1][ffffffff:-1][ffffffff:-1][ffffffff:-1][ffffffff:-1][ffffffff:-1][ffffffff:-1][ffffffff:-1][ffffffff:-1][ffffffff:-1][ffffffff:-1][ffffffff:-1][ffffffff:-1][ffffffff:-1]
 Gc [ffffffff:-1][ffffffff:-1][ffffffff:-1][ffffffff:-1][ffffffff:-1][ffffffff:-1][ffffffff:-1][ffffffff:-1][ffffffff:-1][ffffffff:-1][ffffffff:-1][ffffffff:-1][ffffffff:-1][ffffffff:-1][ffffffff:-1]
 Hc [ffffffff:-1][ffffffff:-1][ffffffff:-1][ffffffff:-1][ffffffff:-1][ffffffff:-1][ffffffff:-1][ffffffff:-1][ffffffff:-1][ffffffff:-1][ffffffff:-1][ffffffff:-1][ffffffff:-1][ffffffff:-1][ffffffff:-1]
 Ic [ffffffff:-1][ffffffff:-1][ffffffff:-1][ffffffff:-1][ffffffff:-1][ffffffff:-1][ffffffff:-1][ffffffff:-1][ffffffff:-1][ffffffff:-1][ffffffff:-1][ffffffff:-1][ffffffff:-1][ffffffff:-1][ffffffff:-1]
 Jc [ffffffff:-1][ffffffff:-1][ffffffff:-1][ffffffff:-1][ffffffff:-1][ffffffff:-1][ffffffff:-1][ffffffff:-1][ffffffff:-1][ffffffff:-1][ffffffff:-1][ffffffff:-1][ffffffff:-1][ffffffff:-1][ffffffff:-1]
 Kc [ffffffff:-1][ffffffff:-1][ffffffff:-1][ffffffff:-1][ffffffff:-1][ffffffff:-1][ffffffff:-1][ffffffff:-1][ffffffff:-1][ffffffff:-1][ffffffff:-1][ffffffff:-1][ffffffff:-1][ffffffff:-1][ffffffff:-1]
 Lc [ffffffff:-1][ffffffff:-1][ffffffff:-1][ffffffff:-1][ffffffff:-1][ffffffff:-1][ffffffff:-1][ffffffff:-1][ffffffff:-1][ffffffff:-1][ffffffff:-1][ffffffff:-1][ffffffff:-1][ffffffff:-1][ffffffff:-1]
 Mc [ffffffff:-1][ffffffff:-1][ffffffff:-1][ffffffff:-1][ffffffff:-1][ffffffff:-1][ffffffff:-1][ffffffff:-1][ffffffff:-1][ffffffff:-1][ffffffff:-1][ffffffff:-1][ffffffff:-1][ffffffff:-1][ffffffff:-1]
 Nc [ffffffff:-1][ffffffff:-1][ffffffff:-1][ffffffff:-1][ffffffff:-1][ffffffff:-1][ffffffff:-1][ffffffff:-1][ffffffff:-1][ffffffff:-1][ffffffff:-1][ffffffff:-1][ffffffff:-1][ffffffff:-1][ffffffff:-1]
 Oc [ffffffff:-1][ffffffff:-1][ffffffff:-1][ffffffff:-1][ffffffff:-1][ffffffff:-1][ffffffff:-1][ffffffff:-1][ffffffff:-1][ffffffff:-1][ffffffff:-1][ffffffff:-1][ffffffff:-1][ffffffff:-1][ffffffff:-1]
commande> t EUOFMIE
commande> r
commande> a r
  1: FUMEE              26 H4
  2: FOUEE              24 H4
  3: FOUIE              24 H4
  4: MEFIE              22 H4
  5: FUMEE              20 H8
  6: MEFIE              20 H8
  7: FOUEE              18 H8
  8: FOUIE              18 H8
  9: FUMEE              18 H5
 10: FUMEE              18 H6
commande> n 1
commande> a g
     1  2  3  4  5  6  7  8  9 10 11 12 13 14 15
 A   -  -  -  -  -  -  -  -  -  -  -  -  -  -  -
 B   -  -  -  -  -  -  -  -  -  -  -  -  -  -  -
 C   -  -  -  -  -  -  -  -  -  -  -  -  -  -  -
 D   -  -  -  -  -  -  -  -  -  -  -  -  -  -  -
 E   -  -  -  -  -  -  -  -  -  -  -  -  -  -  -
 F   -  -  -  -  -  -  -  -  -  -  -  -  -  -  -
 G   -  -  -  -  -  -  -  -  -  -  -  -  -  -  -
 H   -  -  -  F  U  M  E  E  -  -  -  -  -  -  -
 I   -  -  -  -  -  -  -  -  -  -  -  -  -  -  -
 J   -  -  -  -  -  -  -  -  -  -  -  -  -  -  -
 K   -  -  -  -  -  -  -  -  -  -  -  -  -  -  -
 L   -  -  -  -  -  -  -  -  -  -  -  -  -  -  -
 M   -  -  -  -  -  -  -  -  -  -  -  -  -  -  -
 N   -  -  -  -  -  -  -  -  -  -  -  -  -  -  -
 O   -  -  -  -  -  -  -  -  -  -  -  -  -  -  -
commande> a t
IO
commande> a s
26
commande> a l
 A B C D  E F G H I J K L M N O P Q R S T U V W X Y Z ?
 9 2 2 3 13 1 2 2 8 1 1 5 2 6 6 2 1 6 6 6 5 2 1 1 1 1 2
commande> a gd
 Ar [ffffffff:-1][ffffffff:-1][ffffffff:-1][ffffffff:-1][ffffffff:-1][ffffffff:-1][ffffffff:-1][ffffffff:-1][ffffffff:-1][ffffffff:-1][ffffffff:-1][ffffffff:-1][ffffffff:-1][ffffffff:-1][ffffffff:-1]
 Br [ffffffff:-1][ffffffff:-1][ffffffff:-1][ffffffff:-1][ffffffff:-1][ffffffff:-1][ffffffff:-1][ffffffff:-1][ffffffff:-1][ffffffff:-1][ffffffff:-1][ffffffff:-1][ffffffff:-1][ffffffff:-1][ffffffff:-1]
 Cr [ffffffff:-1][ffffffff:-1][ffffffff:-1][ffffffff:-1][ffffffff:-1][ffffffff:-1][ffffffff:-1][ffffffff:-1][ffffffff:-1][ffffffff:-1][ffffffff:-1][ffffffff:-1][ffffffff:-1][ffffffff:-1][ffffffff:-1]
 Dr [ffffffff:-1][ffffffff:-1][ffffffff:-1][ffffffff:-1][ffffffff:-1][ffffffff:-1][ffffffff:-1][ffffffff:-1][ffffffff:-1][ffffffff:-1][ffffffff:-1][ffffffff:-1][ffffffff:-1][ffffffff:-1][ffffffff:-1]
 Er [ffffffff:-1][ffffffff:-1][ffffffff:-1][ffffffff:-1][ffffffff:-1][ffffffff:-1][ffffffff:-1][ffffffff:-1][ffffffff:-1][ffffffff:-1][ffffffff:-1][ffffffff:-1][ffffffff:-1][ffffffff:-1][ffffffff:-1]
 Fr [ffffffff:-1][ffffffff:-1][ffffffff:-1][ffffffff:-1][ffffffff:-1][ffffffff:-1][ffffffff:-1][ffffffff:-1][ffffffff:-1][ffffffff:-1][ffffffff:-1][ffffffff:-1][ffffffff:-1][ffffffff:-1][ffffffff:-1]
 Gr [ffffffff:-1][ffffffff:-1][ffffffff:-1][00000200: 4][00ddf036: 1][00000000: 2][005c751c: 1][005c751c: 1][ffffffff:-1][ffffffff:-1][ffffffff:-1][ffffffff:-1][ffffffff:-1][ffffffff:-1][ffffffff:-1]
 Hr [ffffffff:-1][ffffffff:-1][ffffffff:-1][00000000:-1][00000000:-1][00000000:-1][00000000:-1][00000000:-1][ffffffff:-1][ffffffff:-1][ffffffff:-1][ffffffff:-1][ffffffff:-1][ffffffff:-1][ffffffff:-1]
 Ir [ffffffff:-1][ffffffff:-1][ffffffff:-1][00000202: 4][00184000: 1][00200222: 2][01384100: 1][01384100: 1][ffffffff:-1][ffffffff:-1][ffffffff:-1][ffffffff:-1][ffffffff:-1][ffffffff:-1][ffffffff:-1]
 Jr [ffffffff:-1][ffffffff:-1][ffffffff:-1][ffffffff:-1][ffffffff:-1][ffffffff:-1][ffffffff:-1][ffffffff:-1][ffffffff:-1][ffffffff:-1][ffffffff:-1][ffffffff:-1][ffffffff:-1][ffffffff:-1][ffffffff:-1]
 Kr [ffffffff:-1][ffffffff:-1][ffffffff:-1][ffffffff:-1][ffffffff:-1][ffffffff:-1][ffffffff:-1][ffffffff:-1][ffffffff:-1][ffffffff:-1][ffffffff:-1][ffffffff:-1][ffffffff:-1][ffffffff:-1][ffffffff:-1]
 Lr [ffffffff:-1][ffffffff:-1][ffffffff:-1][ffffffff:-1][ffffffff:-1][ffffffff:-1][ffffffff:-1][ffffffff:-1][ffffffff:-1][ffffffff:-1][ffffffff:-1][ffffffff:-1][ffffffff:-1][ffffffff:-1][ffffffff:-1]
 Mr [ffffffff:-1][ffffffff:-1][ffffffff:-1][ffffffff:-1][ffffffff:-1][ffffffff:-1][ffffffff:-1][ffffffff:-1][ffffffff:-1][ffffffff:-1][ffffffff:-1][ffffffff:-1][ffffffff:-1][ffffffff:-1][ffffffff:-1]
 Nr [ffffffff:-1][ffffffff:-1][ffffffff:-1][ffffffff:-1][ffffffff:-1][ffffffff:-1][ffffffff:-1][ffffffff:-1][ffffffff:-1][ffffffff:-1][ffffffff:-1][ffffffff:-1][ffffffff:-1][ffffffff:-1][ffffffff:-1]
 Or [ffffffff:-1][ffffffff:-1][ffffffff:-1][ffffffff:-1][ffffffff:-1][ffffffff:-1][ffffffff:-1][ffffffff:-1][ffffffff:-1][ffffffff:-1][ffffffff:-1][ffffffff:-1][ffffffff:-1][ffffffff:-1][ffffffff:-1]
 -
 Ac [ffffffff:-1][ffffffff:-1][ffffffff:-1][ffffffff:-1][ffffffff:-1][ffffffff:-1][ffffffff:-1][ffffffff:-1][ffffffff:-1][ffffffff:-1][ffffffff:-1][ffffffff:-1][ffffffff:-1][ffffffff:-1][ffffffff:-1]
 Bc [ffffffff:-1][ffffffff:-1][ffffffff:-1][ffffffff:-1][ffffffff:-1][ffffffff:-1][ffffffff:-1][ffffffff:-1][ffffffff:-1][ffffffff:-1][ffffffff:-1][ffffffff:-1][ffffffff:-1][ffffffff:-1][ffffffff:-1]
 Cc [ffffffff:-1][ffffffff:-1][ffffffff:-1][ffffffff:-1][ffffffff:-1][ffffffff:-1][ffffffff:-1][ffffffff:-1][ffffffff:-1][ffffffff:-1][ffffffff:-1][ffffffff:-1][ffffffff:-1][ffffffff:-1][ffffffff:-1]
 Dc [ffffffff:-1][ffffffff:-1][ffffffff:-1][ffffffff:-1][ffffffff:-1][ffffffff:-1][ffffffff:-1][ffffffff:-1][ffffffff:-1][ffffffff:-1][ffffffff:-1][ffffffff:-1][ffffffff:-1][ffffffff:-1][ffffffff:-1]
 Ec [ffffffff:-1][ffffffff:-1][ffffffff:-1][ffffffff:-1][ffffffff:-1][ffffffff:-1][ffffffff:-1][ffffffff:-1][ffffffff:-1][ffffffff:-1][ffffffff:-1][ffffffff:-1][ffffffff:-1][ffffffff:-1][ffffffff:-1]
 Fc [ffffffff:-1][ffffffff:-1][ffffffff:-1][ffffffff:-1][ffffffff:-1][ffffffff:-1][ffffffff:-1][ffffffff:-1][ffffffff:-1][ffffffff:-1][ffffffff:-1][ffffffff:-1][ffffffff:-1][ffffffff:-1][ffffffff:-1]
 Gc [ffffffff:-1][ffffffff:-1][ffffffff:-1][ffffffff:-1][ffffffff:-1][ffffffff:-1][ffffffff:-1][ffffffff:-1][ffffffff:-1][ffffffff:-1][ffffffff:-1][ffffffff:-1][ffffffff:-1][ffffffff:-1][ffffffff:-1]
 Hc [ffffffff:-1][ffffffff:-1][00000000: 9][00000000:-1][00000000:-1][00000000:-1][00000000:-1][00000000:-1][00080000: 9][ffffffff:-1][ffffffff:-1][ffffffff:-1][ffffffff:-1][ffffffff:-1][ffffffff:-1]
 Ic [ffffffff:-1][ffffffff:-1][ffffffff:-1][ffffffff:-1][ffffffff:-1][ffffffff:-1][ffffffff:-1][ffffffff:-1][ffffffff:-1][ffffffff:-1][ffffffff:-1][ffffffff:-1][ffffffff:-1][ffffffff:-1][ffffffff:-1]
 Jc [ffffffff:-1][ffffffff:-1][ffffffff:-1][ffffffff:-1][ffffffff:-1][ffffffff:-1][ffffffff:-1][ffffffff:-1][ffffffff:-1][ffffffff:-1][ffffffff:-1][ffffffff:-1][ffffffff:-1][ffffffff:-1][ffffffff:-1]
 Kc [ffffffff:-1][ffffffff:-1][ffffffff:-1][ffffffff:-1][ffffffff:-1][ffffffff:-1][ffffffff:-1][ffffffff:-1][ffffffff:-1][ffffffff:-1][ffffffff:-1][ffffffff:-1][ffffffff:-1][ffffffff:-1][ffffffff:-1]
 Lc [ffffffff:-1][ffffffff:-1][ffffffff:-1][ffffffff:-1][ffffffff:-1][ffffffff:-1][ffffffff:-1][ffffffff:-1][ffffffff:-1][ffffffff:-1][ffffffff:-1][ffffffff:-1][ffffffff:-1][ffffffff:-1][ffffffff:-1]
 Mc [ffffffff:-1][ffffffff:-1][ffffffff:-1][ffffffff:-1][ffffffff:-1][ffffffff:-1][ffffffff:-1][ffffffff:-1][ffffffff:-1][ffffffff:-1][ffffffff:-1][ffffffff:-1][ffffffff:-1][ffffffff:-1][ffffffff:-1]
 Nc [ffffffff:-1][ffffffff:-1][ffffffff:-1][ffffffff:-1][ffffffff:-1][ffffffff:-1][ffffffff:-1][ffffffff:-1][ffffffff:-1][ffffffff:-1][ffffffff:-1][ffffffff:-1][ffffffff:-1][ffffffff:-1][ffffffff:-1]
 Oc [ffffffff:-1][ffffffff:-1][ffffffff:-1][ffffffff:-1][ffffffff:-1][ffffffff:-1][ffffffff:-1][ffffffff:-1][ffffffff:-1][ffffffff:-1][ffffffff:-1][ffffffff:-1][ffffffff:-1][ffffffff:-1][ffffffff:-1]
commande> n -1
commande> a g
     1  2  3  4  5  6  7  8  9 10 11 12 13 14 15
 A   -  -  -  -  -  -  -  -  -  -  -  -  -  -  -
 B   -  -  -  -  -  -  -  -  -  -  -  -  -  -  -
 C   -  -  -  -  -  -  -  -  -  -  -  -  -  -  -
 D   -  -  -  -  -  -  -  -  -  -  -  -  -  -  -
 E   -  -  -  -  -  -  -  -  -  -  -  -  -  -  -
 F   -  -  -  -  -  -  -  -  -  -  -  -  -  -  -
 G   -  -  -  -  -  -  -  -  -  -  -  -  -  -  -
 H   -  -  -  -  -  -  -  -  -  -  -  -  -  -  -
 I   -  -  -  -  -  -  -  -  -  -  -  -  -  -  -
 J   -  -  -  -  -  -  -  -  -  -  -  -  -  -  -
 K   -  -  -  -  -  -  -  -  -  -  -  -  -  -  -
 L   -  -  -  -  -  -  -  -  -  -  -  -  -  -  -
 M   -  -  -  -  -  -  -  -  -  -  -  -  -  -  -
 N   -  -  -  -  -  -  -  -  -  -  -  -  -  -  -
 O   -  -  -  -  -  -  -  -  -  -  -  -  -  -  -
commande> a gd
 Ar [ffffffff:-1][ffffffff:-1][ffffffff:-1][ffffffff:-1][ffffffff:-1][ffffffff:-1][ffffffff:-1][ffffffff:-1][ffffffff:-1][ffffffff:-1][ffffffff:-1][ffffffff:-1][ffffffff:-1][ffffffff:-1][ffffffff:-1]
 Br [ffffffff:-1][ffffffff:-1][ffffffff:-1][ffffffff:-1][ffffffff:-1][ffffffff:-1][ffffffff:-1][ffffffff:-1][ffffffff:-1][ffffffff:-1][ffffffff:-1][ffffffff:-1][ffffffff:-1][ffffffff:-1][ffffffff:-1]
 Cr [ffffffff:-1][ffffffff:-1][ffffffff:-1][ffffffff:-1][ffffffff:-1][ffffffff:-1][ffffffff:-1][ffffffff:-1][ffffffff:-1][ffffffff:-1][ffffffff:-1][ffffffff:-1][ffffffff:-1][ffffffff:-1][ffffffff:-1]
 Dr [ffffffff:-1][ffffffff:-1][ffffffff:-1][ffffffff:-1][ffffffff:-1][ffffffff:-1][ffffffff:-1][ffffffff:-1][ffffffff:-1][ffffffff:-1][ffffffff:-1][ffffffff:-1][ffffffff:-1][ffffffff:-1][ffffffff:-1]
 Er [ffffffff:-1][ffffffff:-1][ffffffff:-1][ffffffff:-1][ffffffff:-1][ffffffff:-1][ffffffff:-1][ffffffff:-1][ffffffff:-1][ffffffff:-1][ffffffff:-1][ffffffff:-1][ffffffff:-1][ffffffff:-1][ffffffff:-1]
 Fr [ffffffff:-1][ffffffff:-1][ffffffff:-1][ffffffff:-1][ffffffff:-1][ffffffff:-1][ffffffff:-1][ffffffff:-1][ffffffff:-1][ffffffff:-1][ffffffff:-1][ffffffff:-1][ffffffff:-1][ffffffff:-1][ffffffff:-1]
 Gr [ffffffff:-1][ffffffff:-1][ffffffff:-1][ffffffff:-1][ffffffff:-1][ffffffff:-1][ffffffff:-1][ffffffff:-1][ffffffff:-1][ffffffff:-1][ffffffff:-1][ffffffff:-1][ffffffff:-1][ffffffff:-1][ffffffff:-1]
 Hr [ffffffff:-1][ffffffff:-1][ffffffff:-1][ffffffff:-1][ffffffff:-1][ffffffff:-1][ffffffff:-1][ffffffff:-1][ffffffff:-1][ffffffff:-1][ffffffff:-1][ffffffff:-1][ffffffff:-1][ffffffff:-1][ffffffff:-1]
 Ir [ffffffff:-1][ffffffff:-1][ffffffff:-1][ffffffff:-1][ffffffff:-1][ffffffff:-1][ffffffff:-1][ffffffff:-1][ffffffff:-1][ffffffff:-1][ffffffff:-1][ffffffff:-1][ffffffff:-1][ffffffff:-1][ffffffff:-1]
 Jr [ffffffff:-1][ffffffff:-1][ffffffff:-1][ffffffff:-1][ffffffff:-1][ffffffff:-1][ffffffff:-1][ffffffff:-1][ffffffff:-1][ffffffff:-1][ffffffff:-1][ffffffff:-1][ffffffff:-1][ffffffff:-1][ffffffff:-1]
 Kr [ffffffff:-1][ffffffff:-1][ffffffff:-1][ffffffff:-1][ffffffff:-1][ffffffff:-1][ffffffff:-1][ffffffff:-1][ffffffff:-1][ffffffff:-1][ffffffff:-1][ffffffff:-1][ffffffff:-1][ffffffff:-1][ffffffff:-1]
 Lr [ffffffff:-1][ffffffff:-1][ffffffff:-1][ffffffff:-1][ffffffff:-1][ffffffff:-1][ffffffff:-1][ffffffff:-1][ffffffff:-1][ffffffff:-1][ffffffff:-1][ffffffff:-1][ffffffff:-1][ffffffff:-1][ffffffff:-1]
 Mr [ffffffff:-1][ffffffff:-1][ffffffff:-1][ffffffff:-1][ffffffff:-1][ffffffff:-1][ffffffff:-1][ffffffff:-1][ffffffff:-1][ffffffff:-1][ffffffff:-1][ffffffff:-1][ffffffff:-1][ffffffff:-1][ffffffff:-1]
 Nr [ffffffff:-1][ffffffff:-1][ffffffff:-1][ffffffff:-1][ffffffff:-1][ffffffff:-1][ffffffff:-1][ffffffff:-1][ffffffff:-1][ffffffff:-1][ffffffff:-1][ffffffff:-1][ffffffff:-1][ffffffff:-1][ffffffff:-1]
 Or [ffffffff:-1][ffffffff:-1][ffffffff:-1][ffffffff:-1][ffffffff:-1][ffffffff:-1][ffffffff:-1][ffffffff:-1][ffffffff:-1][ffffffff:-1][ffffffff:-1][ffffffff:-1][ffffffff:-1][ffffffff:-1][ffffffff:-1]
 -
 Ac [ffffffff:-1][ffffffff:-1][ffffffff:-1][ffffffff:-1][ffffffff:-1][ffffffff:-1][ffffffff:-1][ffffffff:-1][ffffffff:-1][ffffffff:-1][ffffffff:-1][ffffffff:-1][ffffffff:-1][ffffffff:-1][ffffffff:-1]
 Bc [ffffffff:-1][ffffffff:-1][ffffffff:-1][ffffffff:-1][ffffffff:-1][ffffffff:-1][ffffffff:-1][ffffffff:-1][ffffffff:-1][ffffffff:-1][ffffffff:-1][ffffffff:-1][ffffffff:-1][ffffffff:-1][ffffffff:-1]
 Cc [ffffffff:-1][ffffffff:-1][ffffffff:-1][ffffffff:-1][ffffffff:-1][ffffffff:-1][ffffffff:-1][ffffffff:-1][ffffffff:-1][ffffffff:-1][ffffffff:-1][ffffffff:-1][ffffffff:-1][ffffffff:-1][ffffffff:-1]
 Dc [ffffffff:-1][ffffffff:-1][ffffffff:-1][ffffffff:-1][ffffffff:-1][ffffffff:-1][ffffffff:-1][ffffffff:-1][ffffffff:-1][ffffffff:-1][ffffffff:-1][ffffffff:-1][ffffffff:-1][ffffffff:-1][ffffffff:-1]
 Ec [ffffffff:-1][ffffffff:-1][ffffffff:-1][ffffffff:-1][ffffffff:-1][ffffffff:-1][ffffffff:-1][ffffffff:-1][ffffffff:-1][ffffffff:-1][ffffffff:-1][ffffffff:-1][ffffffff:-1][ffffffff:-1][ffffffff:-1]
 Fc [ffffffff:-1][ffffffff:-1][ffffffff:-1][ffffffff:-1][ffffffff:-1][ffffffff:-1][ffffffff:-1][ffffffff:-1][ffffffff:-1][ffffffff:-1][ffffffff:-1][ffffffff:-1][ffffffff:-1][ffffffff:-1][ffffffff:-1]
 Gc [ffffffff:-1][ffffffff:-1][ffffffff:-1][ffffffff:-1][ffffffff:-1][ffffffff:-1][ffffffff:-1][ffffffff:-1][ffffffff:-1][ffffffff:-1][ffffffff:-1][ffffffff:-1][ffffffff:-1][ffffffff:-1][ffffffff:-1]
 Hc [ffffffff:-1][ffffffff:-1][ffffffff:-1][ffffffff:-1][ffffffff:-1][ffffffff:-1][ffffffff:-1][ffffffff:-1][ffffffff:-1][ffffffff:-1][ffffffff:-1][ffffffff:-1][ffffffff:-1][ffffffff:-1][ffffffff:-1]
 Ic [ffffffff:-1][ffffffff:-1][ffffffff:-1][ffffffff:-1][ffffffff:-1][ffffffff:-1][ffffffff:-1][ffffffff:-1][ffffffff:-1][ffffffff:-1][ffffffff:-1][ffffffff:-1][ffffffff:-1][ffffffff:-1][ffffffff:-1]
 Jc [ffffffff:-1][ffffffff:-1][ffffffff:-1][ffffffff:-1][ffffffff:-1][ffffffff:-1][ffffffff:-1][ffffffff:-1][ffffffff:-1][ffffffff:-1][ffffffff:-1][ffffffff:-1][ffffffff:-1][ffffffff:-1][ffffffff:-1]
 Kc [ffffffff:-1][ffffffff:-1][ffffffff:-1][ffffffff:-1][ffffffff:-1][ffffffff:-1][ffffffff:-1][ffffffff:-1][ffffffff:-1][ffffffff:-1][ffffffff:-1][ffffffff:-1][ffffffff:-1][ffffffff:-1][ffffffff:-1]
 Lc [ffffffff:-1][ffffffff:-1][ffffffff:-1][ffffffff:-1][ffffffff:-1][ffffffff:-1][ffffffff:-1][ffffffff:-1][ffffffff:-1][ffffffff:-1][ffffffff:-1][ffffffff:-1][ffffffff:-1][ffffffff:-1][ffffffff:-1]
 Mc [ffffffff:-1][ffffffff:-1][ffffffff:-1][ffffffff:-1][ffffffff:-1][ffffffff:-1][ffffffff:-1][ffffffff:-1][ffffffff:-1][ffffffff:-1][ffffffff:-1][ffffffff:-1][ffffffff:-1][ffffffff:-1][ffffffff:-1]
 Nc [ffffffff:-1][ffffffff:-1][ffffffff:-1][ffffffff:-1][ffffffff:-1][ffffffff:-1][ffffffff:-1][ffffffff:-1][ffffffff:-1][ffffffff:-1][ffffffff:-1][ffffffff:-1][ffffffff:-1][ffffffff:-1][ffffffff:-1]
 Oc [ffffffff:-1][ffffffff:-1][ffffffff:-1][ffffffff:-1][ffffffff:-1][ffffffff:-1][ffffffff:-1][ffffffff:-1][ffffffff:-1][ffffffff:-1][ffffffff:-1][ffffffff:-1][ffffffff:-1][ffffffff:-1][ffffffff:-1]
commande> r
commande> a r
  1: FUMEE              26 H4
  2: FOUEE              24 H4
  3: FOUIE              24 H4
  4: MEFIE              22 H4
  5: FUMEE              20 H8
  6: MEFIE              20 H8
  7: FOUEE              18 H8
  8: FOUIE              18 H8
  9: FUMEE              18 H5
 10: FUMEE              18 H6
commande> q
fin du mode entraînement
commande> q
