[?] pour l'aide
commande> e
mode entraînement
[?] pour l'aide
commande> t IEJDEUE
commande> j INVALID XX
Mot incorrect ou mal placé (2)
commande> j INVALID H5
Mot incorrect ou mal placé (3)
commande> j MAUVAIS H5
Mot incorrect ou mal placé (4)
commande> j JEUDI 8E
Mot incorrect ou mal placé (10)
commande> j JEUDI A6
Mot incorrect ou mal placé (11)
commande> r
commande> a r
  1: JEUDI              42 H4
  2: JEUDI              28 H8
  3: JEUDI              26 H7
  4: JEUDI              26 H6
  5: JEUDI              26 H5
  6: JEU                20 H8
  7: JEU                20 H7
  8: JEU                20 H6
  9: JE                 18 H7
 10: JE                 18 H8
commande> n 0
commande> n 8
commande> a t
DEEI
commande> t DEEIPEG
commande> j PIEGEE H4
Mot incorrect ou mal placé (6)
commande> j PIEGEE A1
Mot incorrect ou mal placé (9)
commande> j PIEGEE 7C
commande> a t
DE
commande> t EEEGIPS
commande> j SE H7
Mot incorrect ou mal placé (5)
commande> j SE G6
Mot incorrect ou mal placé (7)
commande> j PIEGEE 7C
Mot incorrect ou mal placé (8)
commande> j PIEGEES 7C
commande> a t
EEEGIP
commande> a g
     1  2  3  4  5  6  7  8  9 10 11 12 13 14 15
 A   -  -  -  -  -  -  -  -  -  -  -  -  -  -  -
 B   -  -  -  -  -  -  -  -  -  -  -  -  -  -  -
 C   -  -  -  -  -  -  P  -  -  -  -  -  -  -  -
 D   -  -  -  -  -  -  I  -  -  -  -  -  -  -  -
 E   -  -  -  -  -  -  E  -  -  -  -  -  -  -  -
 F   -  -  -  -  -  -  G  -  -  -  -  -  -  -  -
 G   -  -  -  -  -  -  E  -  -  -  -  -  -  -  -
 H   -  -  -  -  -  J  E  U  -  -  -  -  -  -  -
 I   -  -  -  -  -  -  S  -  -  -  -  -  -  -  -
 J   -  -  -  -  -  -  -  -  -  -  -  -  -  -  -
 K   -  -  -  -  -  -  -  -  -  -  -  -  -  -  -
 L   -  -  -  -  -  -  -  -  -  -  -  -  -  -  -
 M   -  -  -  -  -  -  -  -  -  -  -  -  -  -  -
 N   -  -  -  -  -  -  -  -  -  -  -  -  -  -  -
 O   -  -  -  -  -  -  -  -  -  -  -  -  -  -  -
commande> q
fin du mode entraînement
commande> q
