[?] pour l'aide
commande> mode entraînement
[?] pour l'aide
commande> commande> UDEEEIJ
commande> Mot incorrect ou mal placé (2)
commande> Mot incorrect ou mal placé (3)
commande> Mot incorrect ou mal placé (4)
commande> Mot incorrect ou mal placé (10)
commande> Mot incorrect ou mal placé (11)
commande> commande> commande> commande> DEEI
commande> commande> DEEIPEG
commande> Mot incorrect ou mal placé (6)
commande> Mot incorrect ou mal placé (9)
commande> commande> DE
commande> commande> Mot incorrect ou mal placé (5)
commande> Mot incorrect ou mal placé (7)
commande> Mot incorrect ou mal placé (8)
commande> commande> EEEGIP
commande> fin du mode entraînement
commande> 