Using seed: 0
[?] pour l'aide
commande> c hutte
mode entraînement
[?] pour l'aide
commande> a g
     1  2  3  4  5  6  7  8  9 10 11 12 13 14 15
 A   B  -  -  F  -  -  -  o  -  -  -  -  -  -  - 
 B   O  -  -  R  -  -  -  B  -  -  -  -  -  -  - 
 C   E  N  L  A  I  D  I  T  -  -  -  -  -  -  C 
 D   U  -  -  Y  -  -  -  I  -  -  -  -  -  -  E 
 E   F  O  R  E  T  -  H  E  M  -  S  -  -  -  L 
 F   -  -  -  S  -  M  A  N  i  P  U  L  A  I  S 
 G   -  -  -  -  J  E  U  N  E  -  I  -  -  -  I 
 H   -  -  -  H  U  T  T  E  S  -  V  -  -  P  U 
 I   -  -  -  -  N  E  E  -  -  -  R  -  -  O  S 
 J   -  -  -  -  G  O  -  -  -  Q  A  T  -  K  - 
 K   -  -  W  -  L  -  -  -  D  -  I  -  -  E  - 
 L   -  -  O  D  E  -  -  -  A  -  T  A  -  R  - 
 M   -  -  N  O  -  -  -  -  M  -  -  V  A  S  E 
 N   -  -  -  U  -  -  -  -  N  -  -  E  -  -  - 
 O   -  -  E  X  I  G  E  R  A  -  -  C  Z  A  R 
commande> a P
Eliot

   UTEHJDT     HUTTE              24  H  4
   DJ+NGILE    JUNGLE             28  5  G
   DI+OBURX    DOUX               54  4  L
   BIR+EEGI    EXIGER             48  O  3
   BI+TNE?N    oBTIENNE        *  80  8  A
   AMIEOLE     METEO              28  6  F
   AIL+NEID    ENLAIDIT        *  70  C  1
   WABFUNO     BOEUF              33  1  A
   ANW+OALU    WON                32  3  K
   AALU+PI?    MANiPULAI       *  69  F  6
   ELSUICS     CELSIUS         *  92 15  C
   ETFYUSR     FRAYES             44  4  A
   TU+DEMNH    HAUTE              31  7  E
   DMNT+ARA    DAMNA              26  9  K
   RT+SAIVI    SUIVRAIT        *  94 11  E
   ACAOVEP     AVEC               28 12  L
   AOP+ARZO    CZAR               45  O 12
   AOOP+REK    POKER              42 14  H
   AO+TSTEM    MIES               34  9  E
   AOTT+LEQ    QAT                26  J 10
   AELOT+RS    VASE               31  M 12
   LORT        FORET              16  E  1

   total                         975
commande> q
fin du mode entraînement
commande> q
