[?] pour l'aide
commande> e
mode entraînement
[?] pour l'aide
commande> 
commande> t EUOFMIE
commande> r
commande> a r
  1: FUMEE              26 H4
  2: FOUIE              24 H4
  3: FOUEE              24 H4
  4: MEFIE              22 H4
  5: FUMEE              20 H8
  6: MEFIE              20 H8
  7: FOUIE              18 H8
  8: FOUEE              18 H8
  9: FUMEE              18 H6
 10: FUMEE              18 H7
commande> n 1
commande> a g
     1  2  3  4  5  6  7  8  9 10 11 12 13 14 15
 A   -  -  -  -  -  -  -  -  -  -  -  -  -  -  -
 B   -  -  -  -  -  -  -  -  -  -  -  -  -  -  -
 C   -  -  -  -  -  -  -  -  -  -  -  -  -  -  -
 D   -  -  -  -  -  -  -  -  -  -  -  -  -  -  -
 E   -  -  -  -  -  -  -  -  -  -  -  -  -  -  -
 F   -  -  -  -  -  -  -  -  -  -  -  -  -  -  -
 G   -  -  -  -  -  -  -  -  -  -  -  -  -  -  -
 H   -  -  -  F  U  M  E  E  -  -  -  -  -  -  -
 I   -  -  -  -  -  -  -  -  -  -  -  -  -  -  -
 J   -  -  -  -  -  -  -  -  -  -  -  -  -  -  -
 K   -  -  -  -  -  -  -  -  -  -  -  -  -  -  -
 L   -  -  -  -  -  -  -  -  -  -  -  -  -  -  -
 M   -  -  -  -  -  -  -  -  -  -  -  -  -  -  -
 N   -  -  -  -  -  -  -  -  -  -  -  -  -  -  -
 O   -  -  -  -  -  -  -  -  -  -  -  -  -  -  -
commande> a t
IO
commande> a s
26
commande> a l
 A B C D  E F G H I J K L M N O P Q R S T U V W X Y Z ?
 9 2 2 3 13 1 2 2 8 1 1 5 2 6 6 2 1 6 6 6 5 2 1 1 1 1 2
commande> 
commande> t IO+EOKAN
commande> r
commande> a r
  1: KIMONO             38 6F
  2: KEMIA              37 6F
  3: MOKO               34 6H
  4: AMOK               34 6G
  5: MOKA               34 6H
  6: MAKI               34 6H
  7: KAMI               34 6F
  8: KINE               33 I3
  9: KINA               33 I3
 10: KAN                29 I3
commande> n 1
commande> a g
     1  2  3  4  5  6  7  8  9 10 11 12 13 14 15
 A   -  -  -  -  -  -  -  -  -  -  -  -  -  -  -
 B   -  -  -  -  -  -  -  -  -  -  -  -  -  -  -
 C   -  -  -  -  -  -  -  -  -  -  -  -  -  -  -
 D   -  -  -  -  -  -  -  -  -  -  -  -  -  -  -
 E   -  -  -  -  -  -  -  -  -  -  -  -  -  -  -
 F   -  -  -  -  -  K  -  -  -  -  -  -  -  -  -
 G   -  -  -  -  -  I  -  -  -  -  -  -  -  -  -
 H   -  -  -  F  U  M  E  E  -  -  -  -  -  -  -
 I   -  -  -  -  -  O  -  -  -  -  -  -  -  -  -
 J   -  -  -  -  -  N  -  -  -  -  -  -  -  -  -
 K   -  -  -  -  -  O  -  -  -  -  -  -  -  -  -
 L   -  -  -  -  -  -  -  -  -  -  -  -  -  -  -
 M   -  -  -  -  -  -  -  -  -  -  -  -  -  -  -
 N   -  -  -  -  -  -  -  -  -  -  -  -  -  -  -
 O   -  -  -  -  -  -  -  -  -  -  -  -  -  -  -
commande> a s
64
commande> a l
 A B C D  E F G H I J K L M N O P Q R S T U V W X Y Z ?
 9 2 2 3 13 1 2 2 7 1 0 5 2 5 4 2 1 6 6 6 5 2 1 1 1 1 2
commande> 
commande> t AE+EWTIS
commande> r
commande> a r
  1: WESTIE             49 L4
  2: EWES               43 L3
  3: SWEAT              34 9H
  4: SWEAT              32 L6
  5: ETAIES             31 L1
  6: AISEE              29 L4
  7: TAIES              27 L2
  8: TAISE              27 L3
  9: ETAIS              27 L2
 10: WESTIE             27 9F
commande> n 1 
commande> a g
     1  2  3  4  5  6  7  8  9 10 11 12 13 14 15
 A   -  -  -  -  -  -  -  -  -  -  -  -  -  -  -
 B   -  -  -  -  -  -  -  -  -  -  -  -  -  -  -
 C   -  -  -  -  -  -  -  -  -  -  -  -  -  -  -
 D   -  -  -  -  -  -  -  -  -  -  -  -  -  -  -
 E   -  -  -  -  -  -  -  -  -  -  -  -  -  -  -
 F   -  -  -  -  -  K  -  -  -  -  -  -  -  -  -
 G   -  -  -  -  -  I  -  -  -  -  -  -  -  -  -
 H   -  -  -  F  U  M  E  E  -  -  -  -  -  -  -
 I   -  -  -  -  -  O  -  -  -  -  -  -  -  -  -
 J   -  -  -  -  -  N  -  -  -  -  -  -  -  -  -
 K   -  -  -  -  -  O  -  -  -  -  -  -  -  -  -
 L   -  -  -  W  E  S  T  I  E  -  -  -  -  -  -
 M   -  -  -  -  -  -  -  -  -  -  -  -  -  -  -
 N   -  -  -  -  -  -  -  -  -  -  -  -  -  -  -
 O   -  -  -  -  -  -  -  -  -  -  -  -  -  -  -
commande> a s
113
commande> a l
 A B C D  E F G H I J K L M N O P Q R S T U V W X Y Z ?
 9 2 2 3 11 1 2 2 6 1 0 5 2 5 4 2 1 6 5 5 5 2 0 1 1 1 2
commande> 
commande> t A+EAVSLS
commande> r
commande> a r
  1: LAVASSE         *  86 10H
  2: VASSALE         *  80 10I
  3: LAVASSE         *  78 10G
  4: VASSALE         *  75 K9
  5: LAVASSE         *  73 9C
  6: LAVASSE         *  72 K9
  7: LAVASSE         *  72 9D
  8: VASSALE         *  67 G8
  9: LAVASSE         *  64 G8
 10: EVASAS             35 10I
commande> n 1 
commande> a g
     1  2  3  4  5  6  7  8  9 10 11 12 13 14 15
 A   -  -  -  -  -  -  -  -  -  -  -  -  -  -  -
 B   -  -  -  -  -  -  -  -  -  -  -  -  -  -  -
 C   -  -  -  -  -  -  -  -  -  -  -  -  -  -  -
 D   -  -  -  -  -  -  -  -  -  -  -  -  -  -  -
 E   -  -  -  -  -  -  -  -  -  -  -  -  -  -  -
 F   -  -  -  -  -  K  -  -  -  -  -  -  -  -  -
 G   -  -  -  -  -  I  -  -  -  -  -  -  -  -  -
 H   -  -  -  F  U  M  E  E  -  L  -  -  -  -  -
 I   -  -  -  -  -  O  -  -  -  A  -  -  -  -  -
 J   -  -  -  -  -  N  -  -  -  V  -  -  -  -  -
 K   -  -  -  -  -  O  -  -  -  A  -  -  -  -  -
 L   -  -  -  W  E  S  T  I  E  S  -  -  -  -  -
 M   -  -  -  -  -  -  -  -  -  S  -  -  -  -  -
 N   -  -  -  -  -  -  -  -  -  E  -  -  -  -  -
 O   -  -  -  -  -  -  -  -  -  -  -  -  -  -  -
commande> a s
199
commande> a l
 A B C D  E F G H I J K L M N O P Q R S T U V W X Y Z ?
 7 2 2 3 10 1 2 2 6 1 0 4 2 5 4 2 1 6 3 5 5 1 0 1 1 1 2
commande> 
commande> t BTUOMEQ
commande> r
commande> a r
  1: LOQUET             63 H10
  2: BIQUE              42 8K
  3: OTIQUE             39 8J
  4: TIQUE              36 8K
  5: BAQUET             34 K9
  6: BAQUE              32 K9
  7: BEQUET             30 N9
  8: EMBUT              29 M1
  9: MAQUE              29 K9
 10: MOQUE              28 11D
commande> n 1 
commande> a g
     1  2  3  4  5  6  7  8  9 10 11 12 13 14 15
 A   -  -  -  -  -  -  -  -  -  -  -  -  -  -  -
 B   -  -  -  -  -  -  -  -  -  -  -  -  -  -  -
 C   -  -  -  -  -  -  -  -  -  -  -  -  -  -  -
 D   -  -  -  -  -  -  -  -  -  -  -  -  -  -  -
 E   -  -  -  -  -  -  -  -  -  -  -  -  -  -  -
 F   -  -  -  -  -  K  -  -  -  -  -  -  -  -  -
 G   -  -  -  -  -  I  -  -  -  -  -  -  -  -  -
 H   -  -  -  F  U  M  E  E  -  L  O  Q  U  E  T
 I   -  -  -  -  -  O  -  -  -  A  -  -  -  -  -
 J   -  -  -  -  -  N  -  -  -  V  -  -  -  -  -
 K   -  -  -  -  -  O  -  -  -  A  -  -  -  -  -
 L   -  -  -  W  E  S  T  I  E  S  -  -  -  -  -
 M   -  -  -  -  -  -  -  -  -  S  -  -  -  -  -
 N   -  -  -  -  -  -  -  -  -  E  -  -  -  -  -
 O   -  -  -  -  -  -  -  -  -  -  -  -  -  -  -
commande> a s
262
commande> a l
 A B C D E F G H I J K L M N O P Q R S T U V W X Y Z ?
 7 2 2 3 9 1 2 2 6 1 0 4 2 5 3 2 0 6 3 4 4 1 0 1 1 1 2
commande> 
commande> t BM+UNOSI
commande> r
commande> a r
  1: OMNIBUS         *  94 O4
  2: EMBUIONS        *  84 14H
  3: BITUMONS        *  62 15F
  4: NIMBUS             38 O5
  5: SIMOUN             38 O10
  6: BOUSIN             38 O7
  7: IMBUS              35 O6
  8: BISON              35 O8
  9: BISOU              35 O8
 10: BOUMS              35 O6
commande> n 1 
commande> a g
     1  2  3  4  5  6  7  8  9 10 11 12 13 14 15
 A   -  -  -  -  -  -  -  -  -  -  -  -  -  -  -
 B   -  -  -  -  -  -  -  -  -  -  -  -  -  -  -
 C   -  -  -  -  -  -  -  -  -  -  -  -  -  -  -
 D   -  -  -  -  -  -  -  -  -  -  -  -  -  -  -
 E   -  -  -  -  -  -  -  -  -  -  -  -  -  -  -
 F   -  -  -  -  -  K  -  -  -  -  -  -  -  -  -
 G   -  -  -  -  -  I  -  -  -  -  -  -  -  -  -
 H   -  -  -  F  U  M  E  E  -  L  O  Q  U  E  T
 I   -  -  -  -  -  O  -  -  -  A  -  -  -  -  -
 J   -  -  -  -  -  N  -  -  -  V  -  -  -  -  -
 K   -  -  -  -  -  O  -  -  -  A  -  -  -  -  -
 L   -  -  -  W  E  S  T  I  E  S  -  -  -  -  -
 M   -  -  -  -  -  -  -  -  -  S  -  -  -  -  -
 N   -  -  -  -  -  -  -  -  -  E  -  -  -  -  -
 O   -  -  -  O  M  N  I  B  U  S  -  -  -  -  -
commande> a s
356
commande> a l
 A B C D E F G H I J K L M N O P Q R S T U V W X Y Z ?
 7 1 2 3 9 1 2 2 5 1 0 4 1 4 2 2 0 6 2 4 3 1 0 1 1 1 2
commande> 
commande> t IOZXEGP
commande> r
commande> a r
  1: EXPIEZ             52 N10
  2: EXIGEZ             50 N10
  3: AXIEZ              46 K10
  4: AXEZ               44 K10
  5: IXEE               33 14E
  6: EXPIEZ             32 14D
  7: GEX                32 5K
  8: EXPIEZ             32 14H
  9: EPIEZ              32 N10
 10: EXPIE              32 N10
commande> n 1 
commande> a g
     1  2  3  4  5  6  7  8  9 10 11 12 13 14 15
 A   -  -  -  -  -  -  -  -  -  -  -  -  -  -  -
 B   -  -  -  -  -  -  -  -  -  -  -  -  -  -  -
 C   -  -  -  -  -  -  -  -  -  -  -  -  -  -  -
 D   -  -  -  -  -  -  -  -  -  -  -  -  -  -  -
 E   -  -  -  -  -  -  -  -  -  -  -  -  -  -  -
 F   -  -  -  -  -  K  -  -  -  -  -  -  -  -  -
 G   -  -  -  -  -  I  -  -  -  -  -  -  -  -  -
 H   -  -  -  F  U  M  E  E  -  L  O  Q  U  E  T
 I   -  -  -  -  -  O  -  -  -  A  -  -  -  -  -
 J   -  -  -  -  -  N  -  -  -  V  -  -  -  -  -
 K   -  -  -  -  -  O  -  -  -  A  -  -  -  -  -
 L   -  -  -  W  E  S  T  I  E  S  -  -  -  -  -
 M   -  -  -  -  -  -  -  -  -  S  -  -  -  -  -
 N   -  -  -  -  -  -  -  -  -  E  X  P  I  E  Z
 O   -  -  -  O  M  N  I  B  U  S  -  -  -  -  -
commande> a s
408
commande> a l
 A B C D E F G H I J K L M N O P Q R S T U V W X Y Z ?
 7 1 2 3 8 1 2 2 4 1 0 4 1 4 2 1 0 6 2 4 3 1 0 0 1 0 2
commande> 
commande> t GO+AETPI
commande> r
commande> a r
  1: TOPAZE             60 15J
  2: GAIZE              48 15K
  3: GAZE               48 15L
  4: PAGEOTE            24 14B
  5: EPITOGE            24 14B
  6: EPIAIT             22 G2
  7: GOPAK              21 F2
  8: TAPAGE             20 K9
  9: PETA               20 7C
 10: PIGEA              20 7B
commande> n 1 
commande> a g
     1  2  3  4  5  6  7  8  9 10 11 12 13 14 15
 A   -  -  -  -  -  -  -  -  -  -  -  -  -  -  -
 B   -  -  -  -  -  -  -  -  -  -  -  -  -  -  -
 C   -  -  -  -  -  -  -  -  -  -  -  -  -  -  -
 D   -  -  -  -  -  -  -  -  -  -  -  -  -  -  -
 E   -  -  -  -  -  -  -  -  -  -  -  -  -  -  -
 F   -  -  -  -  -  K  -  -  -  -  -  -  -  -  -
 G   -  -  -  -  -  I  -  -  -  -  -  -  -  -  -
 H   -  -  -  F  U  M  E  E  -  L  O  Q  U  E  T
 I   -  -  -  -  -  O  -  -  -  A  -  -  -  -  -
 J   -  -  -  -  -  N  -  -  -  V  -  -  -  -  T
 K   -  -  -  -  -  O  -  -  -  A  -  -  -  -  O
 L   -  -  -  W  E  S  T  I  E  S  -  -  -  -  P
 M   -  -  -  -  -  -  -  -  -  S  -  -  -  -  A
 N   -  -  -  -  -  -  -  -  -  E  X  P  I  E  Z
 O   -  -  -  O  M  N  I  B  U  S  -  -  -  -  E
commande> a s
468
commande> a l
 A B C D E F G H I J K L M N O P Q R S T U V W X Y Z ?
 6 1 2 3 7 1 2 2 4 1 0 4 1 4 1 0 0 6 2 3 3 1 0 0 1 0 2
commande> 
commande> t GI+AVNCO
commande> r
commande> a r
  1: VAINCU             28 13C
  2: VAINC              25 K9
  3: VACOA              25 K9
  4: CONVOI             24 11D
  5: CAVAI              24 K9
  6: CONVIA             23 7A
  7: VAGIN              23 K9
  8: VINA               22 7C
  9: CAVA               22 K9
 10: CONVIA             22 13J
commande> n 1 
commande> a g
     1  2  3  4  5  6  7  8  9 10 11 12 13 14 15
 A   -  -  -  -  -  -  -  -  -  -  -  -  -  -  -
 B   -  -  -  -  -  -  -  -  -  -  -  -  -  -  -
 C   -  -  -  -  -  -  -  -  -  -  -  -  V  -  -
 D   -  -  -  -  -  -  -  -  -  -  -  -  A  -  -
 E   -  -  -  -  -  -  -  -  -  -  -  -  I  -  -
 F   -  -  -  -  -  K  -  -  -  -  -  -  N  -  -
 G   -  -  -  -  -  I  -  -  -  -  -  -  C  -  -
 H   -  -  -  F  U  M  E  E  -  L  O  Q  U  E  T
 I   -  -  -  -  -  O  -  -  -  A  -  -  -  -  -
 J   -  -  -  -  -  N  -  -  -  V  -  -  -  -  T
 K   -  -  -  -  -  O  -  -  -  A  -  -  -  -  O
 L   -  -  -  W  E  S  T  I  E  S  -  -  -  -  P
 M   -  -  -  -  -  -  -  -  -  S  -  -  -  -  A
 N   -  -  -  -  -  -  -  -  -  E  X  P  I  E  Z
 O   -  -  -  O  M  N  I  B  U  S  -  -  -  -  E
commande> a s
496
commande> a l
 A B C D E F G H I J K L M N O P Q R S T U V W X Y Z ?
 5 1 1 3 7 1 2 2 3 1 0 4 1 3 1 0 0 6 2 3 3 0 0 0 1 0 2
commande> 
commande> t GO+ESRAS
commande> r
commande> a r
  1: ESSORAGE        *  80 8A
  2: GOSSA              23 11G
  3: ROSES              21 11G
  4: ROSSA              21 11G
  5: ROSAS              21 11G
  6: AGRESSA            20 D7
  7: OSES               19 11H
  8: OSAS               19 11H
  9: AGES               18 5J
 10: GOSSERA            18 D7
commande> n 1 
commande> a g
     1  2  3  4  5  6  7  8  9 10 11 12 13 14 15
 A   -  -  -  -  -  -  -  E  -  -  -  -  -  -  -
 B   -  -  -  -  -  -  -  S  -  -  -  -  -  -  -
 C   -  -  -  -  -  -  -  S  -  -  -  -  V  -  -
 D   -  -  -  -  -  -  -  O  -  -  -  -  A  -  -
 E   -  -  -  -  -  -  -  R  -  -  -  -  I  -  -
 F   -  -  -  -  -  K  -  A  -  -  -  -  N  -  -
 G   -  -  -  -  -  I  -  G  -  -  -  -  C  -  -
 H   -  -  -  F  U  M  E  E  -  L  O  Q  U  E  T
 I   -  -  -  -  -  O  -  -  -  A  -  -  -  -  -
 J   -  -  -  -  -  N  -  -  -  V  -  -  -  -  T
 K   -  -  -  -  -  O  -  -  -  A  -  -  -  -  O
 L   -  -  -  W  E  S  T  I  E  S  -  -  -  -  P
 M   -  -  -  -  -  -  -  -  -  S  -  -  -  -  A
 N   -  -  -  -  -  -  -  -  -  E  X  P  I  E  Z
 O   -  -  -  O  M  N  I  B  U  S  -  -  -  -  E
commande> a s
576
commande> a l
 A B C D E F G H I J K L M N O P Q R S T U V W X Y Z ?
 4 1 1 3 6 1 1 2 3 1 0 4 1 3 0 0 0 5 0 3 3 0 0 0 1 0 2
commande> 
commande> t JEUDIDR
commande> r
commande> a r
  1: JOUR               44 K5
  2: JARDE              35 K9
  3: JADE               33 K9
  4: JARD               33 K9
  5: JEU                31 M2
  6: JEUDIS             30 C3
  7: JUDD               29 N1
  8: JAR                29 K9
  9: JARD               28 D12
 10: JUPE               28 12L
commande> n 1 
commande> a g
     1  2  3  4  5  6  7  8  9 10 11 12 13 14 15
 A   -  -  -  -  -  -  -  E  -  -  -  -  -  -  -
 B   -  -  -  -  -  -  -  S  -  -  -  -  -  -  -
 C   -  -  -  -  -  -  -  S  -  -  -  -  V  -  -
 D   -  -  -  -  -  -  -  O  -  -  -  -  A  -  -
 E   -  -  -  -  -  -  -  R  -  -  -  -  I  -  -
 F   -  -  -  -  -  K  -  A  -  -  -  -  N  -  -
 G   -  -  -  -  -  I  -  G  -  -  -  -  C  -  -
 H   -  -  -  F  U  M  E  E  -  L  O  Q  U  E  T
 I   -  -  -  -  -  O  -  -  -  A  -  -  -  -  -
 J   -  -  -  -  -  N  -  -  -  V  -  -  -  -  T
 K   -  -  -  -  J  O  U  R  -  A  -  -  -  -  O
 L   -  -  -  W  E  S  T  I  E  S  -  -  -  -  P
 M   -  -  -  -  -  -  -  -  -  S  -  -  -  -  A
 N   -  -  -  -  -  -  -  -  -  E  X  P  I  E  Z
 O   -  -  -  O  M  N  I  B  U  S  -  -  -  -  E
commande> a s
620
commande> a l
 A B C D E F G H I J K L M N O P Q R S T U V W X Y Z ?
 4 1 1 3 6 1 1 2 3 0 0 4 1 3 0 0 0 4 0 3 2 0 0 0 1 0 2
commande> 
commande> t DDEI+ALY
commande> r
commande> a r
  1: DIALYSE            56 C3
  2: AY                 49 11J
  3: LADY               48 D12
  4: DEY                42 14B
  5: DYADES             36 C3
  6: DYADE              34 D11
  7: LAYES              34 B4
  8: YAWL               34 4J
  9: DELAYA             34 D10
 10: ALYA               33 F8
commande> n 1 
commande> a g
     1  2  3  4  5  6  7  8  9 10 11 12 13 14 15
 A   -  -  -  -  -  -  -  E  -  -  -  -  -  -  -
 B   -  -  -  -  -  -  -  S  -  -  -  -  -  -  -
 C   -  -  D  I  A  L  Y  S  E  -  -  -  V  -  -
 D   -  -  -  -  -  -  -  O  -  -  -  -  A  -  -
 E   -  -  -  -  -  -  -  R  -  -  -  -  I  -  -
 F   -  -  -  -  -  K  -  A  -  -  -  -  N  -  -
 G   -  -  -  -  -  I  -  G  -  -  -  -  C  -  -
 H   -  -  -  F  U  M  E  E  -  L  O  Q  U  E  T
 I   -  -  -  -  -  O  -  -  -  A  -  -  -  -  -
 J   -  -  -  -  -  N  -  -  -  V  -  -  -  -  T
 K   -  -  -  -  J  O  U  R  -  A  -  -  -  -  O
 L   -  -  -  W  E  S  T  I  E  S  -  -  -  -  P
 M   -  -  -  -  -  -  -  -  -  S  -  -  -  -  A
 N   -  -  -  -  -  -  -  -  -  E  X  P  I  E  Z
 O   -  -  -  O  M  N  I  B  U  S  -  -  -  -  E
commande> a s
676
commande> a l
 A B C D E F G H I J K L M N O P Q R S T U V W X Y Z ?
 3 1 1 2 5 1 1 2 2 0 0 3 1 3 0 0 0 4 0 3 2 0 0 0 0 0 2
commande> 
commande> t D+IHUEEB
commande> r
commande> a r
  1: HEU                32 10B
  2: HE                 31 10B
  3: BEDE               31 10B
  4: BEE                29 10B
  5: BE                 28 10B
  6: DEB                28 10B
  7: IDEE               27 10A
  8: HIEE               27 10A
  9: HUEE               27 10A
 10: HIE                26 10A
commande> n 1 
commande> a g
     1  2  3  4  5  6  7  8  9 10 11 12 13 14 15
 A   -  -  -  -  -  -  -  E  -  -  -  -  -  -  -
 B   -  -  -  -  -  -  -  S  -  H  -  -  -  -  -
 C   -  -  D  I  A  L  Y  S  E  E  -  -  V  -  -
 D   -  -  -  -  -  -  -  O  -  U  -  -  A  -  -
 E   -  -  -  -  -  -  -  R  -  -  -  -  I  -  -
 F   -  -  -  -  -  K  -  A  -  -  -  -  N  -  -
 G   -  -  -  -  -  I  -  G  -  -  -  -  C  -  -
 H   -  -  -  F  U  M  E  E  -  L  O  Q  U  E  T
 I   -  -  -  -  -  O  -  -  -  A  -  -  -  -  -
 J   -  -  -  -  -  N  -  -  -  V  -  -  -  -  T
 K   -  -  -  -  J  O  U  R  -  A  -  -  -  -  O
 L   -  -  -  W  E  S  T  I  E  S  -  -  -  -  P
 M   -  -  -  -  -  -  -  -  -  S  -  -  -  -  A
 N   -  -  -  -  -  -  -  -  -  E  X  P  I  E  Z
 O   -  -  -  O  M  N  I  B  U  S  -  -  -  -  E
commande> a s
708
commande> a l
 A B C D E F G H I J K L M N O P Q R S T U V W X Y Z ?
 3 1 1 2 4 1 1 1 2 0 0 3 1 3 0 0 0 4 0 3 1 0 0 0 0 0 2
commande> 
commande> t BDEI+CIL
commande> r
commande> a r
  1: CIEL               25 D1
  2: CLE                22 12D
  3: BLE                22 12D
  4: BEY                20 7A
  5: BLINDE             19 F10
  6: BIPE               18 12L
  7: CAID               18 D12
  8: LAIC               18 D12
  9: BLIND              18 F10
 10: CIBLE              18 4B
commande> n 1 
commande> a g
     1  2  3  4  5  6  7  8  9 10 11 12 13 14 15
 A   -  -  -  -  -  -  -  E  -  -  -  -  -  -  -
 B   -  -  -  -  -  -  -  S  -  H  -  -  -  -  -
 C   -  -  D  I  A  L  Y  S  E  E  -  -  V  -  -
 D   C  I  E  L  -  -  -  O  -  U  -  -  A  -  -
 E   -  -  -  -  -  -  -  R  -  -  -  -  I  -  -
 F   -  -  -  -  -  K  -  A  -  -  -  -  N  -  -
 G   -  -  -  -  -  I  -  G  -  -  -  -  C  -  -
 H   -  -  -  F  U  M  E  E  -  L  O  Q  U  E  T
 I   -  -  -  -  -  O  -  -  -  A  -  -  -  -  -
 J   -  -  -  -  -  N  -  -  -  V  -  -  -  -  T
 K   -  -  -  -  J  O  U  R  -  A  -  -  -  -  O
 L   -  -  -  W  E  S  T  I  E  S  -  -  -  -  P
 M   -  -  -  -  -  -  -  -  -  S  -  -  -  -  A
 N   -  -  -  -  -  -  -  -  -  E  X  P  I  E  Z
 O   -  -  -  O  M  N  I  B  U  S  -  -  -  -  E
commande> a s
733
commande> a l
 A B C D E F G H I J K L M N O P Q R S T U V W X Y Z ?
 3 1 0 2 3 1 1 1 1 0 0 2 1 3 0 0 0 4 0 3 1 0 0 0 0 0 2
commande> 
commande> t BDI+RRA?
commande> r
commande> a r
  1: BRADeRIE        *  86 A1
  2: BRIARDEs        *  61 A2
  3: BAuDRIER        *  60 A2
  4: pARFUMEE           33 H1
  5: CRoBARD            33 1D
  6: BRoCARD            33 1A
  7: BICARRe            30 1B
  8: CRABIeR            30 1D
  9: CIBARe             27 1D
 10: CRoBAR             27 1D
commande> n 1 
commande> a g
     1  2  3  4  5  6  7  8  9 10 11 12 13 14 15
 A   B  R  A  D  e  R  I  E  -  -  -  -  -  -  -
 B   -  -  -  -  -  -  -  S  -  H  -  -  -  -  -
 C   -  -  D  I  A  L  Y  S  E  E  -  -  V  -  -
 D   C  I  E  L  -  -  -  O  -  U  -  -  A  -  -
 E   -  -  -  -  -  -  -  R  -  -  -  -  I  -  -
 F   -  -  -  -  -  K  -  A  -  -  -  -  N  -  -
 G   -  -  -  -  -  I  -  G  -  -  -  -  C  -  -
 H   -  -  -  F  U  M  E  E  -  L  O  Q  U  E  T
 I   -  -  -  -  -  O  -  -  -  A  -  -  -  -  -
 J   -  -  -  -  -  N  -  -  -  V  -  -  -  -  T
 K   -  -  -  -  J  O  U  R  -  A  -  -  -  -  O
 L   -  -  -  W  E  S  T  I  E  S  -  -  -  -  P
 M   -  -  -  -  -  -  -  -  -  S  -  -  -  -  A
 N   -  -  -  -  -  -  -  -  -  E  X  P  I  E  Z
 O   -  -  -  O  M  N  I  B  U  S  -  -  -  -  E
commande> a s
819
commande> a l
 A B C D E F G H I J K L M N O P Q R S T U V W X Y Z ?
 2 0 0 1 3 1 1 1 0 0 0 2 1 3 0 0 0 2 0 3 1 0 0 0 0 0 1
commande> 
commande> t EUGTDEA
commande> r
commande> a r
  1: DUT                29 M3
  2: EUT                27 M3
  3: CAUDEE             27 1D
  4: DAW                25 4J
  5: CETEAU             24 1D
  6: CEDAT              24 1D
  7: QUETE              24 12H
  8: CAUDE              24 1D
  9: CAGUE              24 1D
 10: CAGET              24 1D
commande> n 1 
commande> a g
     1  2  3  4  5  6  7  8  9 10 11 12 13 14 15
 A   B  R  A  D  e  R  I  E  -  -  -  -  -  -  -
 B   -  -  -  -  -  -  -  S  -  H  -  -  -  -  -
 C   -  -  D  I  A  L  Y  S  E  E  -  -  V  -  -
 D   C  I  E  L  -  -  -  O  -  U  -  -  A  -  -
 E   -  -  -  -  -  -  -  R  -  -  -  -  I  -  -
 F   -  -  -  -  -  K  -  A  -  -  -  -  N  -  -
 G   -  -  -  -  -  I  -  G  -  -  -  -  C  -  -
 H   -  -  -  F  U  M  E  E  -  L  O  Q  U  E  T
 I   -  -  -  -  -  O  -  -  -  A  -  -  -  -  -
 J   -  -  -  -  -  N  -  -  -  V  -  -  -  -  T
 K   -  -  -  -  J  O  U  R  -  A  -  -  -  -  O
 L   -  -  -  W  E  S  T  I  E  S  -  -  -  -  P
 M   -  -  D  U  T  -  -  -  -  S  -  -  -  -  A
 N   -  -  -  -  -  -  -  -  -  E  X  P  I  E  Z
 O   -  -  -  O  M  N  I  B  U  S  -  -  -  -  E
commande> a s
848
commande> a l
 A B C D E F G H I J K L M N O P Q R S T U V W X Y Z ?
 2 0 0 0 3 1 1 1 0 0 0 2 1 3 0 0 0 2 0 2 0 0 0 0 0 0 1
commande> 
commande> t AEEG+LR?
commande> r
commande> a r
  1: CERcLAGE        *  80 1D
  2: REGELAnT        *  77 15A
  3: REGELAiT        *  77 15A
  4: REGALEnT        *  77 15A
  5: RELEGuAT        *  77 15A
  6: GELERAiT        *  77 15A
  7: dEREGLAT        *  77 15A
  8: AiGRELET        *  77 15A
  9: GALEREnT        *  77 15A
 10: GREnELAT        *  74 15A
commande> n 1 
commande> a g
     1  2  3  4  5  6  7  8  9 10 11 12 13 14 15
 A   B  R  A  D  e  R  I  E  -  -  -  -  -  -  -
 B   -  -  -  -  -  -  -  S  -  H  -  -  -  -  -
 C   -  -  D  I  A  L  Y  S  E  E  -  -  V  -  -
 D   C  I  E  L  -  -  -  O  -  U  -  -  A  -  -
 E   E  -  -  -  -  -  -  R  -  -  -  -  I  -  -
 F   R  -  -  -  -  K  -  A  -  -  -  -  N  -  -
 G   c  -  -  -  -  I  -  G  -  -  -  -  C  -  -
 H   L  -  -  F  U  M  E  E  -  L  O  Q  U  E  T
 I   A  -  -  -  -  O  -  -  -  A  -  -  -  -  -
 J   G  -  -  -  -  N  -  -  -  V  -  -  -  -  T
 K   E  -  -  -  J  O  U  R  -  A  -  -  -  -  O
 L   -  -  -  W  E  S  T  I  E  S  -  -  -  -  P
 M   -  -  D  U  T  -  -  -  -  S  -  -  -  -  A
 N   -  -  -  -  -  -  -  -  -  E  X  P  I  E  Z
 O   -  -  -  O  M  N  I  B  U  S  -  -  -  -  E
commande> a s
928
commande> a l
 A B C D E F G H I J K L M N O P Q R S T U V W X Y Z ?
 1 0 0 0 1 1 0 1 0 0 0 1 1 3 0 0 0 1 0 2 0 0 0 0 0 0 0
commande> 
commande> t TFLATNN
commande> r
commande> a r
  1: JOURNAL            30 K5
  2: FLA                26 12D
  3: FLA                24 M13
  4: FANON              23 I3
  5: FA                 22 12D
  6: FLAN               21 14A
  7: FAN                19 14B
  8: FANON              18 11E
  9: NAKFA              17 F4
 10: FLA                17 14A
commande> n 1 
commande> a g
     1  2  3  4  5  6  7  8  9 10 11 12 13 14 15
 A   B  R  A  D  e  R  I  E  -  -  -  -  -  -  -
 B   -  -  -  -  -  -  -  S  -  H  -  -  -  -  -
 C   -  -  D  I  A  L  Y  S  E  E  -  -  V  -  -
 D   C  I  E  L  -  -  -  O  -  U  -  -  A  -  -
 E   E  -  -  -  -  -  -  R  -  -  -  -  I  -  -
 F   R  -  -  -  -  K  -  A  -  -  -  -  N  -  -
 G   c  -  -  -  -  I  -  G  -  -  -  -  C  -  -
 H   L  -  -  F  U  M  E  E  -  L  O  Q  U  E  T
 I   A  -  -  -  -  O  -  -  -  A  -  -  -  -  -
 J   G  -  -  -  -  N  -  -  -  V  -  -  -  -  T
 K   E  -  -  -  J  O  U  R  N  A  L  -  -  -  O
 L   -  -  -  W  E  S  T  I  E  S  -  -  -  -  P
 M   -  -  D  U  T  -  -  -  -  S  -  -  -  -  A
 N   -  -  -  -  -  -  -  -  -  E  X  P  I  E  Z
 O   -  -  -  O  M  N  I  B  U  S  -  -  -  -  E
commande> a s
958
commande> a l
 A B C D E F G H I J K L M N O P Q R S T U V W X Y Z ?
 1 0 0 0 1 1 0 1 0 0 0 0 1 2 0 0 0 1 0 2 0 0 0 0 0 0 0
commande> 
commande> t AFNTT+HM
commande> r
commande> a r
  1: MATH               24 D12
  2: HATIF              22 13K
  3: HA                 22 12D
  4: FA                 22 12D
  5: KHANAT             20 F6
  6: MATON              19 I3
  7: FAN                19 14B
  8: HAN                19 14B
  9: AH                 19 12D
 10: MANIF              18 13K
commande> n 1 
commande> a g
     1  2  3  4  5  6  7  8  9 10 11 12 13 14 15
 A   B  R  A  D  e  R  I  E  -  -  -  -  -  -  -
 B   -  -  -  -  -  -  -  S  -  H  -  -  -  -  -
 C   -  -  D  I  A  L  Y  S  E  E  -  -  V  -  -
 D   C  I  E  L  -  -  -  O  -  U  -  M  A  T  H
 E   E  -  -  -  -  -  -  R  -  -  -  -  I  -  -
 F   R  -  -  -  -  K  -  A  -  -  -  -  N  -  -
 G   c  -  -  -  -  I  -  G  -  -  -  -  C  -  -
 H   L  -  -  F  U  M  E  E  -  L  O  Q  U  E  T
 I   A  -  -  -  -  O  -  -  -  A  -  -  -  -  -
 J   G  -  -  -  -  N  -  -  -  V  -  -  -  -  T
 K   E  -  -  -  J  O  U  R  N  A  L  -  -  -  O
 L   -  -  -  W  E  S  T  I  E  S  -  -  -  -  P
 M   -  -  D  U  T  -  -  -  -  S  -  -  -  -  A
 N   -  -  -  -  -  -  -  -  -  E  X  P  I  E  Z
 O   -  -  -  O  M  N  I  B  U  S  -  -  -  -  E
commande> a s
982
commande> a l
 A B C D E F G H I J K L M N O P Q R S T U V W X Y Z ?
 1 0 0 0 1 1 0 0 0 0 0 0 0 2 0 0 0 1 0 1 0 0 0 0 0 0 0
commande> 
commande> t AFNT+NRE
commande> r
commande> a r
  1: FANON              23 I3
  2: KRAFT              19 F6
  3: FRET               19 14A
  4: REFAIT             18 13J
  5: FANON              18 11E
  6: FRETIN             18 13J
  7: FERAIT             18 13J
  8: FREON              18 11E
  9: REAI               18 E10
 10: EN                 18 I13
commande> n 1 
commande> a g
     1  2  3  4  5  6  7  8  9 10 11 12 13 14 15
 A   B  R  A  D  e  R  I  E  -  -  -  -  -  -  -
 B   -  -  -  -  -  -  -  S  -  H  -  -  -  -  -
 C   -  -  D  I  A  L  Y  S  E  E  -  -  V  -  -
 D   C  I  E  L  -  -  -  O  -  U  -  M  A  T  H
 E   E  -  -  -  -  -  -  R  -  -  -  -  I  -  -
 F   R  -  -  -  -  K  -  A  -  -  -  -  N  -  -
 G   c  -  -  -  -  I  -  G  -  -  -  -  C  -  -
 H   L  -  -  F  U  M  E  E  -  L  O  Q  U  E  T
 I   A  -  F  A  N  O  N  -  -  A  -  -  -  -  -
 J   G  -  -  -  -  N  -  -  -  V  -  -  -  -  T
 K   E  -  -  -  J  O  U  R  N  A  L  -  -  -  O
 L   -  -  -  W  E  S  T  I  E  S  -  -  -  -  P
 M   -  -  D  U  T  -  -  -  -  S  -  -  -  -  A
 N   -  -  -  -  -  -  -  -  -  E  X  P  I  E  Z
 O   -  -  -  O  M  N  I  B  U  S  -  -  -  -  E
commande> a s
1005
commande> a l
 A B C D E F G H I J K L M N O P Q R S T U V W X Y Z ?
 0 0 0 0 1 0 0 0 0 0 0 0 0 0 0 0 0 1 0 1 0 0 0 0 0 0 0
commande> 
commande> t ERT
commande> r
commande> a r
  1: ET                 18 I13
  2: RELAVASSES         15 10F
  3: SE                 13 M10
  4: EX                 13 11M
  5: VAINCUE            13 13C
  6: TREK               13 F3
  7: KEA                12 F6
  8: TEK                12 F4
  9: TET                11 14B
 10: RE                 11 E10
commande> n 1 
commande> a g
     1  2  3  4  5  6  7  8  9 10 11 12 13 14 15
 A   B  R  A  D  e  R  I  E  -  -  -  -  -  -  -
 B   -  -  -  -  -  -  -  S  -  H  -  -  -  -  -
 C   -  -  D  I  A  L  Y  S  E  E  -  -  V  -  -
 D   C  I  E  L  -  -  -  O  -  U  -  M  A  T  H
 E   E  -  -  -  -  -  -  R  -  -  -  -  I  -  -
 F   R  -  -  -  -  K  -  A  -  -  -  -  N  -  -
 G   c  -  -  -  -  I  -  G  -  -  -  -  C  -  -
 H   L  -  -  F  U  M  E  E  -  L  O  Q  U  E  T
 I   A  -  F  A  N  O  N  -  -  A  -  -  E  T  -
 J   G  -  -  -  -  N  -  -  -  V  -  -  -  -  T
 K   E  -  -  -  J  O  U  R  N  A  L  -  -  -  O
 L   -  -  -  W  E  S  T  I  E  S  -  -  -  -  P
 M   -  -  D  U  T  -  -  -  -  S  -  -  -  -  A
 N   -  -  -  -  -  -  -  -  -  E  X  P  I  E  Z
 O   -  -  -  O  M  N  I  B  U  S  -  -  -  -  E
commande> a s
1023
commande> a l
 A B C D E F G H I J K L M N O P Q R S T U V W X Y Z ?
 0 0 0 0 0 0 0 0 0 0 0 0 0 0 0 0 0 1 0 0 0 0 0 0 0 0 0
commande> 
commande> q
fin du mode entraînement
commande> q
