Using seed: 13
[?] pour l'aide
commande> ee
mode entraînement
[?] pour l'aide
commande> *
helperSetRackRandom(): initial rack: ?OGUCNF (best word: ChNOUF)
helperSetRackRandom(): replacing Joker with H
commande> a t
FNGCUHO
commande> *
helperSetRackRandom(): initial rack: ?ECTUST (best word: CUTTErS)
helperSetRackRandom(): replacing Joker with R
commande> a t
RTUTCSE
commande> *
helperSetRackRandom(): initial rack: ?ICOINI (best word: NOIrCI)
helperSetRackRandom(): replacing Joker with R
commande> a t
IIINCOR
commande> *
helperSetRackRandom(): initial rack: ?BLEAAE (best word: ABLAtEE)
helperSetRackRandom(): replacing Joker with T
commande> a t
ATBEAEL
commande> j BALTE h4
commande> a g
     1  2  3  4  5  6  7  8  9 10 11 12 13 14 15
 A   -  -  -  -  -  -  -  -  -  -  -  -  -  -  -
 B   -  -  -  -  -  -  -  -  -  -  -  -  -  -  -
 C   -  -  -  -  -  -  -  -  -  -  -  -  -  -  -
 D   -  -  -  -  -  -  -  -  -  -  -  -  -  -  -
 E   -  -  -  -  -  -  -  -  -  -  -  -  -  -  -
 F   -  -  -  -  -  -  -  -  -  -  -  -  -  -  -
 G   -  -  -  -  -  -  -  -  -  -  -  -  -  -  -
 H   -  -  -  B  A  L  T  E  -  -  -  -  -  -  -
 I   -  -  -  -  -  -  -  -  -  -  -  -  -  -  -
 J   -  -  -  -  -  -  -  -  -  -  -  -  -  -  -
 K   -  -  -  -  -  -  -  -  -  -  -  -  -  -  -
 L   -  -  -  -  -  -  -  -  -  -  -  -  -  -  -
 M   -  -  -  -  -  -  -  -  -  -  -  -  -  -  -
 N   -  -  -  -  -  -  -  -  -  -  -  -  -  -  -
 O   -  -  -  -  -  -  -  -  -  -  -  -  -  -  -
commande> +
helperSetRackRandom(): initial rack: AE+?SNED (best word: ENnEADES)
helperSetRackRandom(): replacing Joker with N
commande> a t
AEDESNN
commande> t ABF??E
commande> +
commande> a t
ABF??EI
commande> j BI 4h
commande> a g
     1  2  3  4  5  6  7  8  9 10 11 12 13 14 15
 A   -  -  -  -  -  -  -  -  -  -  -  -  -  -  -
 B   -  -  -  -  -  -  -  -  -  -  -  -  -  -  -
 C   -  -  -  -  -  -  -  -  -  -  -  -  -  -  -
 D   -  -  -  -  -  -  -  -  -  -  -  -  -  -  -
 E   -  -  -  -  -  -  -  -  -  -  -  -  -  -  -
 F   -  -  -  -  -  -  -  -  -  -  -  -  -  -  -
 G   -  -  -  -  -  -  -  -  -  -  -  -  -  -  -
 H   -  -  -  B  A  L  T  E  -  -  -  -  -  -  -
 I   -  -  -  I  -  -  -  -  -  -  -  -  -  -  -
 J   -  -  -  -  -  -  -  -  -  -  -  -  -  -  -
 K   -  -  -  -  -  -  -  -  -  -  -  -  -  -  -
 L   -  -  -  -  -  -  -  -  -  -  -  -  -  -  -
 M   -  -  -  -  -  -  -  -  -  -  -  -  -  -  -
 N   -  -  -  -  -  -  -  -  -  -  -  -  -  -  -
 O   -  -  -  -  -  -  -  -  -  -  -  -  -  -  -
commande> +
commande> a t
ABEF??L
commande> t BAF?E
commande> +
commande> a t
BAF?EEU
commande> t BAFE
commande> +
helperSetRackRandom(): initial rack: BAFE+?AD (best word: BLAFArDE)
helperSetRackRandom(): replacing Joker with R
commande> a t
BAFEDAR
commande> q
fin du mode entraînement
commande> q
