Using seed: 5
[?] pour l'aide
commande> d 0 2
mode duplicate
[?] pour l'aide
commande> a S
Score 0:  929
Score 1:  929
commande> a T
Rack 0: TTV
Rack 1: TTV
commande> a l
 A B C D E F G H I J K L M N O P Q R S T U V W X Y Z ?
 0 0 0 0 0 0 2 0 0 0 0 0 0 0 0 0 0 1 0 2 0 1 0 0 0 0 0
commande> a p
Game: player 1 out of 2
Game: mode=Duplicate
Game: history:
    N |   RACK   |    SOLUTION    | REF | PTS | BONUS
   ===|==========|================|=====|=====|======
    1 |  ?EBAAEF | FABAcEE        |  H4 |  80 | *
    2 |  KEELIFE | KIEF           | 10F |  36 |  
    3 | EEEL+IJX | FIXEE          |  4H |  34 |  
    4 | EJL+RANS | JALES          |  J6 |  49 |  
    5 | NR+OAHPU | HURON          |  5K |  28 |  
    6 | AP+MOEIA | LIPOME         |  8J |  36 |  
    7 | AA+SMOND | ADONNAMES      |  O1 |  86 | *
    8 |  LEATCYL | CATLEYA        |  5B |  36 |  
    9 | L+EARBHO | BROCHA         |  B2 |  42 |  
   10 | EL+OSULA | ALLOUES        |  A6 |  81 | *
   11 |  DSNIMEN | DEMIS          |  I1 |  28 |  
   12 | INN+NQUS | QUINTS         |  D1 |  42 |  
   13 | NN+IEUR? | MUNIRENt       |  N8 |  72 | *
   14 |  ISITTIE | EDITS          |  1H |  21 |  
   15 | IIT+NEOP | POTINIER       | 12G |  72 | *
   16 |  DVZEAET | DZETA          | 15K |  72 |  
   17 | ETV+RWEV | EWE            |  F5 |  32 |  
   18 | ERTVV+TC | YET            |  G5 |  31 |  
   19 | CRTVV+UR | REVUE          | M11 |  30 |  
   20 | CRTV+TUL | CRUEL          |  2F |  21 |  


Rack 0: TTV
Rack 1: TTV
Score 0:  929
Score 1:  929
commande> a g
     1  2  3  4  5  6  7  8  9 10 11 12 13 14 15
 A   -  -  -  -  -  A  L  L  O  U  E  S  -  -  - 
 B   -  B  R  O  C  H  A  -  -  -  -  -  -  -  - 
 C   -  -  -  -  A  -  -  -  -  -  -  -  -  -  - 
 D   Q  U  I  N  T  S  -  -  -  -  -  -  -  -  - 
 E   -  -  -  -  L  -  -  -  -  -  -  -  -  -  - 
 F   -  C  -  -  E  W  E  -  -  K  -  -  -  -  - 
 G   -  R  -  -  Y  E  T  -  -  I  -  P  -  -  - 
 H   E  U  -  F  A  B  A  c  E  E  -  O  -  -  - 
 I   D  E  M  I  S  -  -  -  -  F  -  T  -  -  - 
 J   I  L  -  X  -  J  A  L  E  S  -  I  -  -  - 
 K   T  -  -  E  H  -  -  I  -  -  -  N  -  -  D 
 L   S  -  -  E  U  -  -  P  -  -  -  I  -  -  Z 
 M   -  -  -  -  R  -  -  O  -  -  R  E  V  U  E 
 N   -  -  -  -  O  -  -  M  U  N  I  R  E  N  t 
 O   A  D  O  N  N  A  M  E  S  -  -  -  -  -  A 
commande> q
fin du mode duplicate
commande> q
