Using seed: 15
[?] pour l'aide
commande> de 0 1
mode duplicate
[?] pour l'aide
commande> a g
     1  2  3  4  5  6  7  8  9 10 11 12 13 14 15
 A   -  -  -  V  E  R  O  N  A  I  S  E  -  -  - 
 B   -  K  -  -  -  -  -  -  -  N  -  N  -  -  - 
 C   -  W  E  B  R  A  D  I  O  S  -  O  -  -  - 
 D   F  A  -  O  -  -  -  -  -  O  -  L  -  -  - 
 E   E  S  -  G  E  N  I  C  U  L  E  s  -  -  - 
 F   R  -  -  H  -  -  -  -  -  A  -  -  -  -  - 
 G   I  -  -  E  -  -  J  -  -  N  -  -  -  -  - 
 H   A  G  L  Y  P  H  E  S  -  T  -  -  -  -  - 
 I   -  -  -  s  -  -  -  P  -  -  -  L  -  -  - 
 J   -  -  -  -  M  E  -  E  -  Q  -  U  -  -  - 
 K   -  -  -  -  A  T  T  E  N  U  E  Z  -  -  M 
 L   -  -  -  C  -  -  -  D  -  E  -  U  -  -  O 
 M   -  T  R  E  V  I  R  A  T  -  -  L  -  -  I 
 N   -  -  -  U  -  -  -  I  -  -  D  E  B  A  T 
 O   F  A  U  X  -  -  -  S  -  -  -  S  -  -  I 
commande> a p
Game: player 1 out of 1
Game: mode=Duplicate
Game: variant=explosive
Game: history:
    N |   RACK   |    SOLUTION    | REF | PTS | BONUS
   ===|==========|================|=====|=====|======
    1 |  HSGPYEL | GLYPHES        |  H2 | 114 | *
    2 |  OIAWEFR | FERIA          |  1D | 105 |  
    3 | OW+HGBAE | BOGHEY         |  4C |  42 |  
    4 | AW+EDESK | KWAS           |  2B |  51 |  
    5 | DEE+PISA | SPEEDAIS       |  8H |  89 | *
    6 |  OAADEIR | WEBRADIO       |  C2 |  46 |  
    7 | A+ZTTNUE | ATTENUEZ       |  K5 | 118 | *
    8 |  CEUIELN | GENICULE       |  E4 |  94 | *
    9 |  TVIRETR | TREVIRAT       |  M2 |  76 | *
   10 |  UXSNNCA | CEUX           |  4L |  50 |  
   11 | ANNS+IOT | INSOLANT       | 10A |  83 | *
   12 |  UAVNFOA | FAUX           |  O1 |  48 |  
   13 | ANOV+RSE | VERONAIS       |  A4 |  95 | *
   14 |  ESULOUL | LUZULES        | 12I |  34 |  
   15 | O+LMEM?N | ENOLs          | 12A |  34 |  
   16 | MM+QBTDE | QUE            | 10J |  26 |  
   17 | BDMMT+M? | BOGHEYs        |  4C |  21 |  
   18 | BDMMMT+A | DEBAT          | N11 |  16 |  
   19 | MMM+JIRI | JE             |  7G |  17 |  
   20 | IIMMMR+O | MOITI          | 15K |  21 |  
   21 |    MMR+E | ME             |  J5 |  12 |  


Rack 0: MR
Score 0: 1192
commande> q
fin du mode duplicate
commande> q
