Using seed: 9
[?] pour l'aide
commande> s b duplicate/reject-invalid 0
commande> d 2 0
mode duplicate
[?] pour l'aide
commande> a t
ILERERU
commande> j RELIEUR 8E
commande> j ERROR H2
commande> a T
Rack 0: GUAUVBP
Rack 1: GUAUVBP
commande> a S
Score 0:    0
Score 1:    0
commande> a p
Game: player 1 out of 2
Game: mode=Duplicate
Game: history:
    N |   RACK   |    SOLUTION    | REF | PTS | BONUS
   ===|==========|================|=====|=====|======
    1 |  ILERERU | RELIEUR        |  H2 |  66 | *


Rack 0: GUAUVBP
Rack 1: GUAUVBP
Score 0:    0
Score 1:    0
commande> j BURGAU 2f
commande> j BU 7g
commande> a S
Score 0:   17
Score 1:    7
commande> a T
Rack 0: PV+REOWF
Rack 1: PV+REOWF
commande> a p
Game: player 1 out of 2
Game: mode=Duplicate
Game: history:
    N |   RACK   |    SOLUTION    | REF | PTS | BONUS
   ===|==========|================|=====|=====|======
    1 |  ILERERU | RELIEUR        |  H2 |  66 | *
    2 |  GUAUVBP | BURGAU         |  2F |  17 |  


Rack 0: PV+REOWF
Rack 1: PV+REOWF
Score 0:   17
Score 1:    7
commande> q
fin du mode duplicate
commande> q
