Using seed: 3
[?] pour l'aide
commande> l 2 0
mode partie libre
[?] pour l'aide
commande> a T
Rack 0: JNNEDEI
Rack 1: TLAEOWA
commande> p JID
commande> a T
Rack 0: EENN+MEN
Rack 1: TLAEOWA
commande> p aowalt
commande> a T
Rack 0: EENN+MEN
Rack 1: E+EEGAIS
commande> p MA
Cannot pass (2)
commande> a T
Rack 0: EENN+MEN
Rack 1: E+EEGAIS
commande> p MN
commande> a T
Rack 0: EEENN+ER
Rack 1: E+EEGAIS
commande> p SGEEEAI
commande> a T
Rack 0: EEENN+ER
Rack 1: HAAUAUO
commande> a p
Game: player 1 out of 2
Game: mode=Free game
Game: history:
    N |   RACK   |    SOLUTION    | REF | PTS | BONUS
   ===|==========|================|=====|=====|======
    1 |  JNNEDEI | [JID]          |  -  |   0 |  
    2 |  TLAEOWA | [AOWALT]       |  -  |   0 |  
    3 | EENN+MEN | [MN]           |  -  |   0 |  
    4 | E+EEGAIS | [SGEEEAI]      |  -  |   0 |  


Rack 0: EEENN+ER
Rack 1: HAAUAUO
Score 0:    0
Score 1:    0
commande> q
fin du mode partie libre
commande> q
