Using seed: 17
[?] pour l'aide
commande> le 1 1
mode partie libre
[?] pour l'aide
commande> a T
Rack 0: ETUDALN
Rack 1: HMIRCES
commande> j ADULENT h3
commande> a g
     1  2  3  4  5  6  7  8  9 10 11 12 13 14 15
 A   -  -  -  -  -  -  -  -  -  -  -  -  -  -  - 
 B   -  -  -  -  -  -  -  -  -  -  -  -  -  -  - 
 C   -  -  -  -  -  -  -  -  -  -  -  -  -  -  - 
 D   -  -  -  -  -  -  -  -  -  -  -  -  -  -  - 
 E   -  -  -  -  -  -  -  -  -  -  -  -  -  -  - 
 F   -  -  C  -  -  -  -  -  -  -  -  -  -  -  - 
 G   -  -  H  -  -  -  -  -  -  -  -  -  -  -  - 
 H   -  -  A  D  U  L  E  N  T  -  -  -  -  -  - 
 I   -  -  R  -  -  -  -  -  -  -  -  -  -  -  - 
 J   -  -  I  -  -  -  -  -  -  -  -  -  -  -  - 
 K   -  -  S  -  -  -  -  -  -  -  -  -  -  -  - 
 L   -  -  M  -  -  -  -  -  -  -  -  -  -  -  - 
 M   -  -  E  -  -  -  -  -  -  -  -  -  -  -  - 
 N   -  -  -  -  -  -  -  -  -  -  -  -  -  -  - 
 O   -  -  -  -  -  -  -  -  -  -  -  -  -  -  - 
commande> a T
Rack 0: XRAETEL
Rack 1: UEQNIKN
commande> j EXULTERA 5f
commande> a g
     1  2  3  4  5  6  7  8  9 10 11 12 13 14 15
 A   -  -  -  -  -  -  -  -  -  -  -  -  -  -  - 
 B   -  -  -  -  -  -  -  -  -  -  -  -  -  -  - 
 C   -  -  -  -  -  -  -  -  -  -  -  -  -  -  - 
 D   -  -  -  -  -  -  -  -  -  -  -  -  -  -  - 
 E   -  -  -  -  -  -  -  -  -  -  -  -  -  -  - 
 F   -  -  C  -  E  -  -  -  -  -  -  -  -  -  - 
 G   -  -  H  -  X  -  -  -  -  -  -  -  -  -  - 
 H   -  -  A  D  U  L  E  N  T  -  -  -  -  -  - 
 I   -  -  R  -  L  -  -  -  -  -  -  -  -  -  - 
 J   -  -  I  -  T  -  -  -  -  -  -  -  -  -  - 
 K   -  -  S  -  E  -  -  -  -  -  -  -  -  -  - 
 L   -  -  M  -  R  -  -  -  -  -  -  -  -  -  - 
 M   -  -  E  -  A  -  -  -  -  -  -  -  -  -  - 
 N   -  -  -  N  I  Q  U  E  -  -  -  -  -  -  - 
 O   -  -  -  -  -  -  -  -  -  -  -  -  -  -  - 
commande> a T
Rack 0: DITTSAE
Rack 1: KN+PRRJE
commande> j EDITATES F5
commande> a gm
     1  2  3  4  5  6  7  8  9 10 11 12 13 14 15
 A   @  -  -  +  -  -  -  @  -  -  -  +  -  -  @
 B   -  #  -  -  -  *  -  -  -  *  -  -  -  #  -
 C   -  -  #  -  -  -  +  -  +  -  -  -  #  -  -
 D   +  -  -  #  -  -  -  +  -  -  -  #  -  -  +
 E   -  -  -  -  #  -  -  -  -  -  #  -  -  -  -
 F   -  *  C  -  E  D  I  T  A  T  E  S  -  *  -
 G   -  -  H  -  X  -  +  -  +  -  -  -  +  -  -
 H   @  -  A  D  U  L  E  N  T  -  -  +  -  -  @
 I   -  -  R  -  L  -  +  -  +  -  -  -  +  -  -
 J   -  *  I  -  T  *  -  J  -  *  -  -  -  *  -
 K   -  -  S  -  E  -  -  E  -  -  #  -  -  -  -
 L   +  -  M  #  R  -  -  R  -  -  -  #  -  -  +
 M   -  -  E  -  A  -  +  K  +  -  -  -  #  -  -
 N   -  #  -  N  I  Q  U  E  -  *  -  -  -  #  -
 O   @  -  -  +  -  -  -  R  -  -  -  +  -  -  @
commande> a T
Rack 0: ERIMASG
Rack 1: NP+VRNOE
commande> j EGERMAIS 11d
commande> a g
     1  2  3  4  5  6  7  8  9 10 11 12 13 14 15
 A   -  -  -  -  -  -  -  P  -  -  -  -  -  -  - 
 B   -  -  -  -  -  -  -  R  -  -  -  -  -  -  - 
 C   -  -  -  -  -  -  -  E  -  -  -  -  -  -  - 
 D   -  -  -  -  -  -  -  V  -  -  E  -  -  -  - 
 E   -  -  -  -  -  -  -  O  -  -  G  -  -  -  - 
 F   -  -  C  -  E  D  I  T  A  T  E  S  -  -  - 
 G   -  -  H  -  X  -  -  -  -  -  R  -  -  -  - 
 H   -  -  A  D  U  L  E  N  T  -  M  -  -  -  - 
 I   -  -  R  -  L  -  -  -  -  -  A  -  -  -  - 
 J   -  -  I  -  T  -  -  J  -  -  I  -  -  -  - 
 K   -  -  S  -  E  -  -  E  -  -  S  -  -  -  - 
 L   -  -  M  -  R  -  -  R  -  -  -  -  -  -  - 
 M   -  -  E  -  A  -  -  K  -  -  -  -  -  -  - 
 N   -  -  -  N  I  Q  U  E  -  -  -  -  -  -  - 
 O   -  -  -  -  -  -  -  R  -  -  -  -  -  -  - 
commande> a S
Score 0:  309
Score 1:  248
commande> a p
Game: player 1 out of 2
Game: mode=Free game
Game: variant=explosive
Game: history:
    N |   RACK   |    SOLUTION    | REF | PTS | BONUS
   ===|==========|================|=====|=====|======
    1 |  ETUDALN | ADULENT        |  H3 |  70 | *
    2 |  HMIRCES | CHARISME       |  3F |  88 | *
    3 |  XRAETEL | EXULTERA       |  5F |  84 | *
    4 |  UEQNIKN | NIQUE          |  N4 |  46 |  
    5 |  DITTSAE | EDITATES       |  F5 |  65 | *
    6 | KN+PRRJE | JERKER         |  8J |  69 |  
    7 |  ERIMASG | EGERMAIS       | 11D |  90 | *
    8 | NP+VRNOE | PREVOT         |  8A |  45 |  


Rack 0: LANBDII
Rack 1: NN+ITEGU
Score 0:  309
Score 1:  248
commande> q
fin du mode partie libre
commande> q
