Using seed: 7
[?] pour l'aide
commande> l 1 0
mode partie libre
[?] pour l'aide
commande> a t
AMLUNE?
commande> p
commande> a t
AELMNU?
commande> a p
Game: player 1 out of 1
Game: mode=Free game
Game: history:
    N |   RACK   |    SOLUTION    | REF | PTS | BONUS
   ===|==========|================|=====|=====|======
    1 |  AMLUNE? | (PASS)         |  -  |   0 |  


Rack 0: AELMNU?
Score 0:    0
commande> p
commande> j MALvENU h4
commande> a t
ESEASTU
commande> a p
Game: player 1 out of 1
Game: mode=Free game
Game: history:
    N |   RACK   |    SOLUTION    | REF | PTS | BONUS
   ===|==========|================|=====|=====|======
    1 |  AMLUNE? | (PASS)         |  -  |   0 |  
    2 |  AELMNU? | (PASS)         |  -  |   0 |  
    3 |  AELMNU? | MALvENU        |  H4 |  68 | *


Rack 0: ESEASTU
Score 0:   68
commande> p
commande> j SAUTEES 11H
commande> a p
Game: player 1 out of 1
Game: mode=Free game
Game: history:
    N |   RACK   |    SOLUTION    | REF | PTS | BONUS
   ===|==========|================|=====|=====|======
    1 |  AMLUNE? | (PASS)         |  -  |   0 |  
    2 |  AELMNU? | (PASS)         |  -  |   0 |  
    3 |  AELMNU? | MALvENU        |  H4 |  68 | *
    4 |  ESEASTU | (PASS)         |  -  |   0 |  
    5 |  AEESSTU | SAUTEES        | 11H |  72 | *


Rack 0: MIWBRAE
Score 0:  140
commande> a g
     1  2  3  4  5  6  7  8  9 10 11 12 13 14 15
 A   -  -  -  -  -  -  -  -  -  -  -  -  -  -  - 
 B   -  -  -  -  -  -  -  -  -  -  -  -  -  -  - 
 C   -  -  -  -  -  -  -  -  -  -  -  -  -  -  - 
 D   -  -  -  -  -  -  -  -  -  -  -  -  -  -  - 
 E   -  -  -  -  -  -  -  -  -  -  -  -  -  -  - 
 F   -  -  -  -  -  -  -  -  -  -  -  -  -  -  - 
 G   -  -  -  -  -  -  -  -  -  -  -  -  -  -  - 
 H   -  -  -  M  A  L  v  E  N  U  S  -  -  -  - 
 I   -  -  -  -  -  -  -  -  -  -  A  -  -  -  - 
 J   -  -  -  -  -  -  -  -  -  -  U  -  -  -  - 
 K   -  -  -  -  -  -  -  -  -  -  T  -  -  -  - 
 L   -  -  -  -  -  -  -  -  -  -  E  -  -  -  - 
 M   -  -  -  -  -  -  -  -  -  -  E  -  -  -  - 
 N   -  -  -  -  -  -  -  -  -  -  S  -  -  -  - 
 O   -  -  -  -  -  -  -  -  -  -  -  -  -  -  - 
commande> q
fin du mode partie libre
commande> q
